Archive member included to satisfy reference by file (symbol)

c:/progra~1/raspbe~1/picosd~1.1/gcc-ar~1/bin/../lib/gcc/arm-none-eabi/10.3.1/thumb/v6-m/nofp\libgcc.a(_dvmd_tls.o)
                              CMakeFiles/kb_manager.dir/C_/Program_Files/Raspberry_Pi/Pico_SDK_v1.5.1/pico-sdk/src/rp2_common/pico_divider/divider.S.obj (__aeabi_idiv0)
c:/progra~1/raspbe~1/picosd~1.1/gcc-ar~1/bin/../lib/gcc/arm-none-eabi/10.3.1/../../../../arm-none-eabi/lib/thumb/v6-m/nofp\libg.a(lib_a-calloc.o)
                              CMakeFiles/kb_manager.dir/C_/Program_Files/Raspberry_Pi/Pico_SDK_v1.5.1/pico-sdk/src/rp2_common/pico_malloc/pico_malloc.c.obj (calloc)
c:/progra~1/raspbe~1/picosd~1.1/gcc-ar~1/bin/../lib/gcc/arm-none-eabi/10.3.1/../../../../arm-none-eabi/lib/thumb/v6-m/nofp\libg.a(lib_a-callocr.o)
                              c:/progra~1/raspbe~1/picosd~1.1/gcc-ar~1/bin/../lib/gcc/arm-none-eabi/10.3.1/../../../../arm-none-eabi/lib/thumb/v6-m/nofp\libg.a(lib_a-calloc.o) (_calloc_r)
c:/progra~1/raspbe~1/picosd~1.1/gcc-ar~1/bin/../lib/gcc/arm-none-eabi/10.3.1/../../../../arm-none-eabi/lib/thumb/v6-m/nofp\libg.a(lib_a-errno.o)
                              c:/progra~1/raspbe~1/picosd~1.1/gcc-ar~1/bin/../lib/gcc/arm-none-eabi/10.3.1/../../../../arm-none-eabi/lib/thumb/v6-m/nofp\libg.a(lib_a-callocr.o) (__errno)
c:/progra~1/raspbe~1/picosd~1.1/gcc-ar~1/bin/../lib/gcc/arm-none-eabi/10.3.1/../../../../arm-none-eabi/lib/thumb/v6-m/nofp\libg.a(lib_a-impure.o)
                              c:/progra~1/raspbe~1/picosd~1.1/gcc-ar~1/bin/../lib/gcc/arm-none-eabi/10.3.1/../../../../arm-none-eabi/lib/thumb/v6-m/nofp\libg.a(lib_a-calloc.o) (_impure_ptr)
c:/progra~1/raspbe~1/picosd~1.1/gcc-ar~1/bin/../lib/gcc/arm-none-eabi/10.3.1/../../../../arm-none-eabi/lib/thumb/v6-m/nofp\libg.a(lib_a-init.o)
                              c:/progra~1/raspbe~1/picosd~1.1/gcc-ar~1/bin/../lib/gcc/arm-none-eabi/10.3.1/../../../../arm-none-eabi/lib/thumb/v6-m/nofp/crt0.o (__libc_init_array)
c:/progra~1/raspbe~1/picosd~1.1/gcc-ar~1/bin/../lib/gcc/arm-none-eabi/10.3.1/../../../../arm-none-eabi/lib/thumb/v6-m/nofp\libg.a(lib_a-malloc.o)
                              CMakeFiles/kb_manager.dir/C_/Program_Files/Raspberry_Pi/Pico_SDK_v1.5.1/pico-sdk/src/rp2_common/pico_malloc/pico_malloc.c.obj (malloc)
c:/progra~1/raspbe~1/picosd~1.1/gcc-ar~1/bin/../lib/gcc/arm-none-eabi/10.3.1/../../../../arm-none-eabi/lib/thumb/v6-m/nofp\libg.a(lib_a-mallocr.o)
                              c:/progra~1/raspbe~1/picosd~1.1/gcc-ar~1/bin/../lib/gcc/arm-none-eabi/10.3.1/../../../../arm-none-eabi/lib/thumb/v6-m/nofp\libg.a(lib_a-callocr.o) (_malloc_r)
c:/progra~1/raspbe~1/picosd~1.1/gcc-ar~1/bin/../lib/gcc/arm-none-eabi/10.3.1/../../../../arm-none-eabi/lib/thumb/v6-m/nofp\libg.a(lib_a-mlock.o)
                              c:/progra~1/raspbe~1/picosd~1.1/gcc-ar~1/bin/../lib/gcc/arm-none-eabi/10.3.1/../../../../arm-none-eabi/lib/thumb/v6-m/nofp\libg.a(lib_a-mallocr.o) (__malloc_lock)
c:/progra~1/raspbe~1/picosd~1.1/gcc-ar~1/bin/../lib/gcc/arm-none-eabi/10.3.1/../../../../arm-none-eabi/lib/thumb/v6-m/nofp\libg.a(lib_a-realloc.o)
                              CMakeFiles/kb_manager.dir/C_/Program_Files/Raspberry_Pi/Pico_SDK_v1.5.1/pico-sdk/src/rp2_common/pico_malloc/pico_malloc.c.obj (realloc)
c:/progra~1/raspbe~1/picosd~1.1/gcc-ar~1/bin/../lib/gcc/arm-none-eabi/10.3.1/../../../../arm-none-eabi/lib/thumb/v6-m/nofp\libg.a(lib_a-reallocr.o)
                              c:/progra~1/raspbe~1/picosd~1.1/gcc-ar~1/bin/../lib/gcc/arm-none-eabi/10.3.1/../../../../arm-none-eabi/lib/thumb/v6-m/nofp\libg.a(lib_a-realloc.o) (_realloc_r)
c:/progra~1/raspbe~1/picosd~1.1/gcc-ar~1/bin/../lib/gcc/arm-none-eabi/10.3.1/../../../../arm-none-eabi/lib/thumb/v6-m/nofp\libg.a(lib_a-sbrkr.o)
                              c:/progra~1/raspbe~1/picosd~1.1/gcc-ar~1/bin/../lib/gcc/arm-none-eabi/10.3.1/../../../../arm-none-eabi/lib/thumb/v6-m/nofp\libg.a(lib_a-mallocr.o) (_sbrk_r)
c:/progra~1/raspbe~1/picosd~1.1/gcc-ar~1/bin/../lib/gcc/arm-none-eabi/10.3.1/../../../../arm-none-eabi/lib/thumb/v6-m/nofp\libg.a(lib_a-strlen-stub.o)
                              CMakeFiles/kb_manager.dir/C_/Program_Files/Raspberry_Pi/Pico_SDK_v1.5.1/pico-sdk/src/rp2_common/pico_stdio/stdio.c.obj (strlen)
c:/progra~1/raspbe~1/picosd~1.1/gcc-ar~1/bin/../lib/gcc/arm-none-eabi/10.3.1/../../../../arm-none-eabi/lib/thumb/v6-m/nofp\libg.a(lib_a-freer.o)
                              c:/progra~1/raspbe~1/picosd~1.1/gcc-ar~1/bin/../lib/gcc/arm-none-eabi/10.3.1/../../../../arm-none-eabi/lib/thumb/v6-m/nofp\libg.a(lib_a-malloc.o) (_free_r)
c:/progra~1/raspbe~1/picosd~1.1/gcc-ar~1/bin/../lib/gcc/arm-none-eabi/10.3.1/../../../../arm-none-eabi/lib/thumb/v6-m/nofp\libg.a(lib_a-lock.o)
                              c:/progra~1/raspbe~1/picosd~1.1/gcc-ar~1/bin/../lib/gcc/arm-none-eabi/10.3.1/../../../../arm-none-eabi/lib/thumb/v6-m/nofp\libg.a(lib_a-mlock.o) (__retarget_lock_acquire_recursive)
[...]
Memory Configuration

Name             Origin             Length             Attributes
FLASH            0x10000000         0x00200000         xr
RAM              0x20000000         0x00040000         xrw
SCRATCH_X        0x20040000         0x00001000         xrw
SCRATCH_Y        0x20041000         0x00001000         xrw
*default*        0x00000000         0xffffffff

Linker script and memory map

LOAD c:/progra~1/raspbe~1/picosd~1.1/gcc-ar~1/bin/../lib/gcc/arm-none-eabi/10.3.1/thumb/v6-m/nofp/crti.o
LOAD c:/progra~1/raspbe~1/picosd~1.1/gcc-ar~1/bin/../lib/gcc/arm-none-eabi/10.3.1/thumb/v6-m/nofp/crtbegin.o
LOAD c:/progra~1/raspbe~1/picosd~1.1/gcc-ar~1/bin/../lib/gcc/arm-none-eabi/10.3.1/../../../../arm-none-eabi/lib/thumb/v6-m/nofp/crt0.o

.flash_begin    0x10000000        0x0
                0x10000000                __flash_binary_start = .

.boot2          0x10000000      0x100
                0x10000000                __boot2_start__ = .
 *(.boot2)
 .boot2         0x10000000      0x100 C:\Users\zisis\AppData\Local\Temp\ccCft8nA.o
                0x10000100                __boot2_end__ = .
                0x00000001                ASSERT (((__boot2_end__ - __boot2_start__) == 0x100), ERROR: Pico second stage bootloader must be 256 bytes in size)

.text           0x10000100     0x70b0
                0x10000100                __logical_binary_start = .
 *(.vectors)
 .vectors       0x10000100       0xd4 CMakeFiles/kb_manager.dir/C_/Program_Files/Raspberry_Pi/Pico_SDK_v1.5.1/pico-sdk/src/rp2_common/pico_standard_link/crt0.S.obj
                0x10000100                __VECTOR_TABLE
                0x10000100                __vectors
                0x100001c0                isr_invalid
                0x100001c0                __default_isrs_start
                0x100001c2                isr_nmi
                0x100001c4                isr_hardfault
                0x100001c6                isr_svcall
                0x100001c8                isr_pendsv
                0x100001ca                isr_systick
                0x100001cc                isr_irq23
                0x100001cc                isr_irq18
                0x100001cc                isr_irq11
                0x100001cc                isr_irq28
                0x100001cc                isr_irq19
                0x100001cc                isr_irq0
                0x100001cc                isr_irq6
                0x100001cc                isr_irq5
                0x100001cc                isr_irq12
                0x100001cc                isr_irq22
                0x100001cc                isr_irq31
                0x100001cc                isr_irq17
                0x100001cc                isr_irq27
                0x100001cc                isr_irq30
                0x100001cc                isr_irq2
                0x100001cc                isr_irq10
                0x100001cc                isr_irq8
                0x100001cc                isr_irq24
                0x100001cc                isr_irq1
                0x100001cc                isr_irq7
                0x100001cc                isr_irq21
                0x100001cc                isr_irq20
                0x100001cc                isr_irq15
                0x100001cc                isr_irq25
                0x100001cc                isr_irq13
                0x100001cc                __unhandled_user_irq
                0x100001cc                isr_irq4
                0x100001cc                isr_irq16
                0x100001cc                isr_irq29
                0x100001cc                isr_irq26
                0x100001cc                __default_isrs_end
                0x100001cc                isr_irq3
                0x100001cc                isr_irq14
                0x100001cc                isr_irq9
                0x100001d2                unhandled_user_irq_num_in_r0
 *(.binary_info_header)
 .binary_info_header
                0x100001d4       0x14 CMakeFiles/kb_manager.dir/C_/Program_Files/Raspberry_Pi/Pico_SDK_v1.5.1/pico-sdk/src/rp2_common/pico_standard_link/crt0.S.obj
                0x100001e8                __binary_info_header_end = .
 *(.reset)
 .reset         0x100001e8       0xa0 CMakeFiles/kb_manager.dir/C_/Program_Files/Raspberry_Pi/Pico_SDK_v1.5.1/pico-sdk/src/rp2_common/pico_standard_link/crt0.S.obj
                0x100001e8                _entry_point
 .reset         0x10000288       0x30 CMakeFiles/kb_manager.dir/C_/Program_Files/Raspberry_Pi/Pico_SDK_v1.5.1/pico-sdk/src/rp2_common/pico_standard_link/binary_info.c.obj
 *(.init)
 .init          0x100002b8        0x4 c:/progra~1/raspbe~1/picosd~1.1/gcc-ar~1/bin/../lib/gcc/arm-none-eabi/10.3.1/thumb/v6-m/nofp/crti.o
                0x100002b8                _init
 *(EXCLUDE_FILE(*libm.a: *libc.a:*lib_a-mem*.o *libgcc.a:) .text*)
 .text          0x100002bc       0x48 c:/progra~1/raspbe~1/picosd~1.1/gcc-ar~1/bin/../lib/gcc/arm-none-eabi/10.3.1/thumb/v6-m/nofp/crtbegin.o
 .text.main     0x10000304       0x3c CMakeFiles/kb_manager.dir/kb_manager.c.obj
                0x10000304                main
 .text.gpio_set_function
                0x10000340       0x30 CMakeFiles/kb_manager.dir/C_/Program_Files/Raspberry_Pi/Pico_SDK_v1.5.1/pico-sdk/src/rp2_common/hardware_gpio/gpio.c.obj
                0x10000340                gpio_set_function
 .text.gpio_init
                0x10000370       0x16 CMakeFiles/kb_manager.dir/C_/Program_Files/Raspberry_Pi/Pico_SDK_v1.5.1/pico-sdk/src/rp2_common/hardware_gpio/gpio.c.obj
                0x10000370                gpio_init
 *fill*         0x10000386        0x2 
 .text.running_on_fpga
                0x10000388       0x14 CMakeFiles/kb_manager.dir/C_/Program_Files/Raspberry_Pi/Pico_SDK_v1.5.1/pico-sdk/src/rp2_common/pico_platform/platform.c.obj
                0x10000388                running_on_fpga
 .text.hw_claim_lock
                0x1000039c       0x18 CMakeFiles/kb_manager.dir/C_/Program_Files/Raspberry_Pi/Pico_SDK_v1.5.1/pico-sdk/src/rp2_common/hardware_claim/claim.c.obj
                0x1000039c                hw_claim_lock
 .text.hw_claim_unlock
                0x100003b4       0x14 CMakeFiles/kb_manager.dir/C_/Program_Files/Raspberry_Pi/Pico_SDK_v1.5.1/pico-sdk/src/rp2_common/hardware_claim/claim.c.obj
                0x100003b4                hw_claim_unlock
 .text.hw_claim_or_assert
                0x100003c8       0x32 CMakeFiles/kb_manager.dir/C_/Program_Files/Raspberry_Pi/Pico_SDK_v1.5.1/pico-sdk/src/rp2_common/hardware_claim/claim.c.obj
                0x100003c8                hw_claim_or_assert
 .text.hw_claim_unused_from_range
                0x100003fa       0x50 CMakeFiles/kb_manager.dir/C_/Program_Files/Raspberry_Pi/Pico_SDK_v1.5.1/pico-sdk/src/rp2_common/hardware_claim/claim.c.obj
                0x100003fa                hw_claim_unused_from_range
 *fill*         0x1000044a        0x2 
 .text.spin_locks_reset
                0x1000044c       0x20 CMakeFiles/kb_manager.dir/C_/Program_Files/Raspberry_Pi/Pico_SDK_v1.5.1/pico-sdk/src/rp2_common/hardware_sync/sync.c.obj
                0x1000044c                spin_locks_reset
 .text.next_striped_spin_lock_num
                0x1000046c       0x1c CMakeFiles/kb_manager.dir/C_/Program_Files/Raspberry_Pi/Pico_SDK_v1.5.1/pico-sdk/src/rp2_common/hardware_sync/sync.c.obj
                0x1000046c                next_striped_spin_lock_num
 .text.spin_lock_claim_unused
                0x10000488       0x20 CMakeFiles/kb_manager.dir/C_/Program_Files/Raspberry_Pi/Pico_SDK_v1.5.1/pico-sdk/src/rp2_common/hardware_sync/sync.c.obj
                0x10000488                spin_lock_claim_unused
 .text.set_raw_irq_handler_and_unlock
                0x100004a8       0x28 CMakeFiles/kb_manager.dir/C_/Program_Files/Raspberry_Pi/Pico_SDK_v1.5.1/pico-sdk/src/rp2_common/hardware_irq/irq.c.obj
 .text.make_branch
                0x100004d0       0x48 CMakeFiles/kb_manager.dir/C_/Program_Files/Raspberry_Pi/Pico_SDK_v1.5.1/pico-sdk/src/rp2_common/hardware_irq/irq.c.obj
 .text.insert_branch_and_link
                0x10000518       0x40 CMakeFiles/kb_manager.dir/C_/Program_Files/Raspberry_Pi/Pico_SDK_v1.5.1/pico-sdk/src/rp2_common/hardware_irq/irq.c.obj
 .text.irq_is_enabled
                0x10000558       0x18 CMakeFiles/kb_manager.dir/C_/Program_Files/Raspberry_Pi/Pico_SDK_v1.5.1/pico-sdk/src/rp2_common/hardware_irq/irq.c.obj
                0x10000558                irq_is_enabled
 .text.irq_set_mask_enabled
                0x10000570       0x20 CMakeFiles/kb_manager.dir/C_/Program_Files/Raspberry_Pi/Pico_SDK_v1.5.1/pico-sdk/src/rp2_common/hardware_irq/irq.c.obj
                0x10000570                irq_set_mask_enabled
 .text.irq_set_enabled
                0x10000590        0xe CMakeFiles/kb_manager.dir/C_/Program_Files/Raspberry_Pi/Pico_SDK_v1.5.1/pico-sdk/src/rp2_common/hardware_irq/irq.c.obj
                0x10000590                irq_set_enabled
 *fill*         0x1000059e        0x2 
 .text.irq_set_pending
                0x100005a0       0x10 CMakeFiles/kb_manager.dir/C_/Program_Files/Raspberry_Pi/Pico_SDK_v1.5.1/pico-sdk/src/rp2_common/hardware_irq/irq.c.obj
                0x100005a0                irq_set_pending
 .text.irq_get_vtable_handler
                0x100005b0       0x10 CMakeFiles/kb_manager.dir/C_/Program_Files/Raspberry_Pi/Pico_SDK_v1.5.1/pico-sdk/src/rp2_common/hardware_irq/irq.c.obj
                0x100005b0                irq_get_vtable_handler
 .text.irq_has_shared_handler
                0x100005c0       0x24 CMakeFiles/kb_manager.dir/C_/Program_Files/Raspberry_Pi/Pico_SDK_v1.5.1/pico-sdk/src/rp2_common/hardware_irq/irq.c.obj
                0x100005c0                irq_has_shared_handler
 .text.irq_set_exclusive_handler
                0x100005e4       0x54 CMakeFiles/kb_manager.dir/C_/Program_Files/Raspberry_Pi/Pico_SDK_v1.5.1/pico-sdk/src/rp2_common/hardware_irq/irq.c.obj
                0x100005e4                irq_set_exclusive_handler
 .text.irq_add_shared_handler
                0x10000638      0x234 CMakeFiles/kb_manager.dir/C_/Program_Files/Raspberry_Pi/Pico_SDK_v1.5.1/pico-sdk/src/rp2_common/hardware_irq/irq.c.obj
                0x10000638                irq_add_shared_handler
 .text.irq_remove_handler
                0x1000086c      0x1ac CMakeFiles/kb_manager.dir/C_/Program_Files/Raspberry_Pi/Pico_SDK_v1.5.1/pico-sdk/src/rp2_common/hardware_irq/irq.c.obj
                0x1000086c                irq_remove_handler
 .text.irq_add_tail_to_free_list
                0x10000a18       0xf0 CMakeFiles/kb_manager.dir/C_/Program_Files/Raspberry_Pi/Pico_SDK_v1.5.1/pico-sdk/src/rp2_common/hardware_irq/irq.c.obj
                0x10000a18                irq_add_tail_to_free_list
 .text.irq_init_priorities
                0x10000b08       0x1c CMakeFiles/kb_manager.dir/C_/Program_Files/Raspberry_Pi/Pico_SDK_v1.5.1/pico-sdk/src/rp2_common/hardware_irq/irq.c.obj
                0x10000b08                irq_init_priorities
 .text.user_irq_claim_unused
                0x10000b24       0x28 CMakeFiles/kb_manager.dir/C_/Program_Files/Raspberry_Pi/Pico_SDK_v1.5.1/pico-sdk/src/rp2_common/hardware_irq/irq.c.obj
                0x10000b24                user_irq_claim_unused
 .text.lock_init
                0x10000b4c       0x10 CMakeFiles/kb_manager.dir/C_/Program_Files/Raspberry_Pi/Pico_SDK_v1.5.1/pico-sdk/src/common/pico_sync/lock_core.c.obj
                0x10000b4c                lock_init
 .text.mutex_init
                0x10000b5c       0x1a CMakeFiles/kb_manager.dir/C_/Program_Files/Raspberry_Pi/Pico_SDK_v1.5.1/pico-sdk/src/common/pico_sync/mutex.c.obj
                0x10000b5c                mutex_init
 .text.recursive_mutex_init
                0x10000b76       0x1e CMakeFiles/kb_manager.dir/C_/Program_Files/Raspberry_Pi/Pico_SDK_v1.5.1/pico-sdk/src/common/pico_sync/mutex.c.obj
                0x10000b76                recursive_mutex_init
 .text.critical_section_init_with_lock_num
                0x10000b94       0x14 CMakeFiles/kb_manager.dir/C_/Program_Files/Raspberry_Pi/Pico_SDK_v1.5.1/pico-sdk/src/common/pico_sync/critical_section.c.obj
                0x10000b94                critical_section_init_with_lock_num
 .text.critical_section_init
                0x10000ba8       0x14 CMakeFiles/kb_manager.dir/C_/Program_Files/Raspberry_Pi/Pico_SDK_v1.5.1/pico-sdk/src/common/pico_sync/critical_section.c.obj
                0x10000ba8                critical_section_init
 .text.alarm_pool_post_alloc_init
                0x10000bbc       0x40 CMakeFiles/kb_manager.dir/C_/Program_Files/Raspberry_Pi/Pico_SDK_v1.5.1/pico-sdk/src/common/pico_time/time.c.obj
 .text.sleep_until_callback
                0x10000bfc       0x30 CMakeFiles/kb_manager.dir/C_/Program_Files/Raspberry_Pi/Pico_SDK_v1.5.1/pico-sdk/src/common/pico_time/time.c.obj
 .text.timer_pool_entry_comparator
                0x10000c2c       0x7c CMakeFiles/kb_manager.dir/C_/Program_Files/Raspberry_Pi/Pico_SDK_v1.5.1/pico-sdk/src/common/pico_time/time.c.obj
                0x10000c2c                timer_pool_entry_comparator
 .text.ph_add_child_node
                0x10000ca8       0xa4 CMakeFiles/kb_manager.dir/C_/Program_Files/Raspberry_Pi/Pico_SDK_v1.5.1/pico-sdk/src/common/pico_time/time.c.obj
 .text.ph_merge_nodes
                0x10000d4c       0x3e CMakeFiles/kb_manager.dir/C_/Program_Files/Raspberry_Pi/Pico_SDK_v1.5.1/pico-sdk/src/common/pico_time/time.c.obj
 *fill*         0x10000d8a        0x2 
 .text.add_alarm_under_lock
                0x10000d8c      0x174 CMakeFiles/kb_manager.dir/C_/Program_Files/Raspberry_Pi/Pico_SDK_v1.5.1/pico-sdk/src/common/pico_time/time.c.obj
 .text.alarm_pool_alarm_callback
                0x10000f00      0x33c CMakeFiles/kb_manager.dir/C_/Program_Files/Raspberry_Pi/Pico_SDK_v1.5.1/pico-sdk/src/common/pico_time/time.c.obj
 .text.alarm_pool_init_default
                0x1000123c       0x40 CMakeFiles/kb_manager.dir/C_/Program_Files/Raspberry_Pi/Pico_SDK_v1.5.1/pico-sdk/src/common/pico_time/time.c.obj
                0x1000123c                alarm_pool_init_default
 .text.alarm_pool_get_default
                0x1000127c       0x2c CMakeFiles/kb_manager.dir/C_/Program_Files/Raspberry_Pi/Pico_SDK_v1.5.1/pico-sdk/src/common/pico_time/time.c.obj
                0x1000127c                alarm_pool_get_default
 .text.alarm_pool_add_alarm_at
                0x100012a8      0x168 CMakeFiles/kb_manager.dir/C_/Program_Files/Raspberry_Pi/Pico_SDK_v1.5.1/pico-sdk/src/common/pico_time/time.c.obj
                0x100012a8                alarm_pool_add_alarm_at
 .text.alarm_pool_cancel_alarm
                0x10001410       0xf8 CMakeFiles/kb_manager.dir/C_/Program_Files/Raspberry_Pi/Pico_SDK_v1.5.1/pico-sdk/src/common/pico_time/time.c.obj
                0x10001410                alarm_pool_cancel_alarm
 .text.alarm_pool_core_num
                0x10001508        0x4 CMakeFiles/kb_manager.dir/C_/Program_Files/Raspberry_Pi/Pico_SDK_v1.5.1/pico-sdk/src/common/pico_time/time.c.obj
                0x10001508                alarm_pool_core_num
 .text.sleep_until
                0x1000150c       0xfc CMakeFiles/kb_manager.dir/C_/Program_Files/Raspberry_Pi/Pico_SDK_v1.5.1/pico-sdk/src/common/pico_time/time.c.obj
                0x1000150c                sleep_until
 .text.sleep_us
                0x10001608       0x58 CMakeFiles/kb_manager.dir/C_/Program_Files/Raspberry_Pi/Pico_SDK_v1.5.1/pico-sdk/src/common/pico_time/time.c.obj
                0x10001608                sleep_us
 .text.sleep_ms
                0x10001660       0x14 CMakeFiles/kb_manager.dir/C_/Program_Files/Raspberry_Pi/Pico_SDK_v1.5.1/pico-sdk/src/common/pico_time/time.c.obj
                0x10001660                sleep_ms
 .text.best_effort_wfe_or_timeout
                0x10001674       0xac CMakeFiles/kb_manager.dir/C_/Program_Files/Raspberry_Pi/Pico_SDK_v1.5.1/pico-sdk/src/common/pico_time/time.c.obj
                0x10001674                best_effort_wfe_or_timeout
 .text.hardware_alarm_irq_handler
                0x10001720       0x90 CMakeFiles/kb_manager.dir/C_/Program_Files/Raspberry_Pi/Pico_SDK_v1.5.1/pico-sdk/src/rp2_common/hardware_timer/timer.c.obj
 .text.hardware_alarm_claim
                0x100017b0       0x18 CMakeFiles/kb_manager.dir/C_/Program_Files/Raspberry_Pi/Pico_SDK_v1.5.1/pico-sdk/src/rp2_common/hardware_timer/timer.c.obj
                0x100017b0                hardware_alarm_claim
 .text.time_us_64
                0x100017c8       0x18 CMakeFiles/kb_manager.dir/C_/Program_Files/Raspberry_Pi/Pico_SDK_v1.5.1/pico-sdk/src/rp2_common/hardware_timer/timer.c.obj
                0x100017c8                time_us_64
 .text.busy_wait_until
                0x100017e0       0x28 CMakeFiles/kb_manager.dir/C_/Program_Files/Raspberry_Pi/Pico_SDK_v1.5.1/pico-sdk/src/rp2_common/hardware_timer/timer.c.obj
                0x100017e0                busy_wait_until
 .text.busy_wait_us
                0x10001808       0x48 CMakeFiles/kb_manager.dir/C_/Program_Files/Raspberry_Pi/Pico_SDK_v1.5.1/pico-sdk/src/rp2_common/hardware_timer/timer.c.obj
                0x10001808                busy_wait_us
 .text.hardware_alarm_set_callback
                0x10001850       0x90 CMakeFiles/kb_manager.dir/C_/Program_Files/Raspberry_Pi/Pico_SDK_v1.5.1/pico-sdk/src/rp2_common/hardware_timer/timer.c.obj
                0x10001850                hardware_alarm_set_callback
 .text.hardware_alarm_set_target
                0x100018e0       0xe8 CMakeFiles/kb_manager.dir/C_/Program_Files/Raspberry_Pi/Pico_SDK_v1.5.1/pico-sdk/src/rp2_common/hardware_timer/timer.c.obj
                0x100018e0                hardware_alarm_set_target
 .text.hardware_alarm_cancel
                0x100019c8       0x40 CMakeFiles/kb_manager.dir/C_/Program_Files/Raspberry_Pi/Pico_SDK_v1.5.1/pico-sdk/src/rp2_common/hardware_timer/timer.c.obj
                0x100019c8                hardware_alarm_cancel
 .text.ph_add_child_node
                0x10001a08       0xa4 CMakeFiles/kb_manager.dir/C_/Program_Files/Raspberry_Pi/Pico_SDK_v1.5.1/pico-sdk/src/common/pico_util/pheap.c.obj
 .text.ph_merge_nodes
                0x10001aac       0x3e CMakeFiles/kb_manager.dir/C_/Program_Files/Raspberry_Pi/Pico_SDK_v1.5.1/pico-sdk/src/common/pico_util/pheap.c.obj
 *fill*         0x10001aea        0x2 
 .text.ph_clear
                0x10001aec       0x70 CMakeFiles/kb_manager.dir/C_/Program_Files/Raspberry_Pi/Pico_SDK_v1.5.1/pico-sdk/src/common/pico_util/pheap.c.obj
                0x10001aec                ph_clear
 .text.ph_post_alloc_init
                0x10001b5c        0xe CMakeFiles/kb_manager.dir/C_/Program_Files/Raspberry_Pi/Pico_SDK_v1.5.1/pico-sdk/src/common/pico_util/pheap.c.obj
                0x10001b5c                ph_post_alloc_init
 *fill*         0x10001b6a        0x2 
 .text.ph_merge_two_pass
                0x10001b6c       0xa8 CMakeFiles/kb_manager.dir/C_/Program_Files/Raspberry_Pi/Pico_SDK_v1.5.1/pico-sdk/src/common/pico_util/pheap.c.obj
                0x10001b6c                ph_merge_two_pass
 .text.ph_remove_any_head
                0x10001c14      0x128 CMakeFiles/kb_manager.dir/C_/Program_Files/Raspberry_Pi/Pico_SDK_v1.5.1/pico-sdk/src/common/pico_util/pheap.c.obj
 .text.ph_remove_head
                0x10001d3c       0x14 CMakeFiles/kb_manager.dir/C_/Program_Files/Raspberry_Pi/Pico_SDK_v1.5.1/pico-sdk/src/common/pico_util/pheap.c.obj
                0x10001d3c                ph_remove_head
 .text.ph_remove_and_free_node
                0x10001d50       0xf8 CMakeFiles/kb_manager.dir/C_/Program_Files/Raspberry_Pi/Pico_SDK_v1.5.1/pico-sdk/src/common/pico_util/pheap.c.obj
                0x10001d50                ph_remove_and_free_node
 .text.uart_disable_before_lcr_write
                0x10001e48       0x48 CMakeFiles/kb_manager.dir/C_/Program_Files/Raspberry_Pi/Pico_SDK_v1.5.1/pico-sdk/src/rp2_common/hardware_uart/uart.c.obj
 .text.uart_write_lcr_bits_masked
                0x10001e90       0x22 CMakeFiles/kb_manager.dir/C_/Program_Files/Raspberry_Pi/Pico_SDK_v1.5.1/pico-sdk/src/rp2_common/hardware_uart/uart.c.obj
 *fill*         0x10001eb2        0x2 
 .text.uart_set_baudrate
                0x10001eb4       0x5c CMakeFiles/kb_manager.dir/C_/Program_Files/Raspberry_Pi/Pico_SDK_v1.5.1/pico-sdk/src/rp2_common/hardware_uart/uart.c.obj
                0x10001eb4                uart_set_baudrate
 .text.uart_set_format
                0x10001f10       0x2c CMakeFiles/kb_manager.dir/C_/Program_Files/Raspberry_Pi/Pico_SDK_v1.5.1/pico-sdk/src/rp2_common/hardware_uart/uart.c.obj
                0x10001f10                uart_set_format
 .text.uart_set_translate_crlf
                0x10001f3c       0x28 CMakeFiles/kb_manager.dir/C_/Program_Files/Raspberry_Pi/Pico_SDK_v1.5.1/pico-sdk/src/rp2_common/hardware_uart/uart.c.obj
                0x10001f3c                uart_set_translate_crlf
 .text.uart_init
                0x10001f64       0x80 CMakeFiles/kb_manager.dir/C_/Program_Files/Raspberry_Pi/Pico_SDK_v1.5.1/pico-sdk/src/rp2_common/hardware_uart/uart.c.obj
                0x10001f64                uart_init
 .text.clock_configure
                0x10001fe4      0x108 CMakeFiles/kb_manager.dir/C_/Program_Files/Raspberry_Pi/Pico_SDK_v1.5.1/pico-sdk/src/rp2_common/hardware_clocks/clocks.c.obj
                0x10001fe4                clock_configure
 .text.clocks_init
                0x100020ec      0x100 CMakeFiles/kb_manager.dir/C_/Program_Files/Raspberry_Pi/Pico_SDK_v1.5.1/pico-sdk/src/rp2_common/hardware_clocks/clocks.c.obj
                0x100020ec                clocks_init
 .text.clock_get_hz
                0x100021ec        0xc CMakeFiles/kb_manager.dir/C_/Program_Files/Raspberry_Pi/Pico_SDK_v1.5.1/pico-sdk/src/rp2_common/hardware_clocks/clocks.c.obj
                0x100021ec                clock_get_hz
 .text.pll_init
                0x100021f8      0x120 CMakeFiles/kb_manager.dir/C_/Program_Files/Raspberry_Pi/Pico_SDK_v1.5.1/pico-sdk/src/rp2_common/hardware_pll/pll.c.obj
                0x100021f8                pll_init
 .text.watchdog_start_tick
                0x10002318       0x10 CMakeFiles/kb_manager.dir/C_/Program_Files/Raspberry_Pi/Pico_SDK_v1.5.1/pico-sdk/src/rp2_common/hardware_watchdog/watchdog.c.obj
                0x10002318                watchdog_start_tick
 .text.watchdog_update
                0x10002328       0x14 CMakeFiles/kb_manager.dir/C_/Program_Files/Raspberry_Pi/Pico_SDK_v1.5.1/pico-sdk/src/rp2_common/hardware_watchdog/watchdog.c.obj
                0x10002328                watchdog_update
 .text._watchdog_enable
                0x1000233c       0x78 CMakeFiles/kb_manager.dir/C_/Program_Files/Raspberry_Pi/Pico_SDK_v1.5.1/pico-sdk/src/rp2_common/hardware_watchdog/watchdog.c.obj
                0x1000233c                _watchdog_enable
 .text.watchdog_reboot
                0x100023b4       0x48 CMakeFiles/kb_manager.dir/C_/Program_Files/Raspberry_Pi/Pico_SDK_v1.5.1/pico-sdk/src/rp2_common/hardware_watchdog/watchdog.c.obj
                0x100023b4                watchdog_reboot
 .text.xosc_init
                0x100023fc       0x28 CMakeFiles/kb_manager.dir/C_/Program_Files/Raspberry_Pi/Pico_SDK_v1.5.1/pico-sdk/src/rp2_common/hardware_xosc/xosc.c.obj
                0x100023fc                xosc_init
 .text._exit    0x10002424        0x4 CMakeFiles/kb_manager.dir/C_/Program_Files/Raspberry_Pi/Pico_SDK_v1.5.1/pico-sdk/src/rp2_common/pico_runtime/runtime.c.obj
                0x10002424                _exit
 .text.exit     0x10002428        0x6 CMakeFiles/kb_manager.dir/C_/Program_Files/Raspberry_Pi/Pico_SDK_v1.5.1/pico-sdk/src/rp2_common/pico_runtime/runtime.c.obj
                0x10002428                exit
 *fill*         0x1000242e        0x2 
 .text.__assert_func
                0x10002430       0x3c CMakeFiles/kb_manager.dir/C_/Program_Files/Raspberry_Pi/Pico_SDK_v1.5.1/pico-sdk/src/rp2_common/pico_runtime/runtime.c.obj
                0x10002430                __assert_func
 .text.runtime_init
                0x1000246c       0xf8 CMakeFiles/kb_manager.dir/C_/Program_Files/Raspberry_Pi/Pico_SDK_v1.5.1/pico-sdk/src/rp2_common/pico_runtime/runtime.c.obj
                0x1000246c                runtime_init
 .text.panic    0x10002564       0x30 CMakeFiles/kb_manager.dir/C_/Program_Files/Raspberry_Pi/Pico_SDK_v1.5.1/pico-sdk/src/rp2_common/pico_runtime/runtime.c.obj
                0x10002564                panic
 .text._out_null
                0x10002594        0x2 CMakeFiles/kb_manager.dir/C_/Program_Files/Raspberry_Pi/Pico_SDK_v1.5.1/pico-sdk/src/rp2_common/pico_printf/printf.c.obj
 .text._out_fct
                0x10002596        0xe CMakeFiles/kb_manager.dir/C_/Program_Files/Raspberry_Pi/Pico_SDK_v1.5.1/pico-sdk/src/rp2_common/pico_printf/printf.c.obj
 .text._atoi    0x100025a4       0x24 CMakeFiles/kb_manager.dir/C_/Program_Files/Raspberry_Pi/Pico_SDK_v1.5.1/pico-sdk/src/rp2_common/pico_printf/printf.c.obj
 .text._out_rev
                0x100025c8       0xae CMakeFiles/kb_manager.dir/C_/Program_Files/Raspberry_Pi/Pico_SDK_v1.5.1/pico-sdk/src/rp2_common/pico_printf/printf.c.obj
 .text._ntoa_format
                0x10002676      0x112 CMakeFiles/kb_manager.dir/C_/Program_Files/Raspberry_Pi/Pico_SDK_v1.5.1/pico-sdk/src/rp2_common/pico_printf/printf.c.obj
 .text._ntoa_long
                0x10002788       0xbc CMakeFiles/kb_manager.dir/C_/Program_Files/Raspberry_Pi/Pico_SDK_v1.5.1/pico-sdk/src/rp2_common/pico_printf/printf.c.obj
 .text._ntoa_long_long
                0x10002844       0xe2 CMakeFiles/kb_manager.dir/C_/Program_Files/Raspberry_Pi/Pico_SDK_v1.5.1/pico-sdk/src/rp2_common/pico_printf/printf.c.obj
 *fill*         0x10002926        0x2 
 .text._etoa    0x10002928      0x414 CMakeFiles/kb_manager.dir/C_/Program_Files/Raspberry_Pi/Pico_SDK_v1.5.1/pico-sdk/src/rp2_common/pico_printf/printf.c.obj
 .text._ftoa    0x10002d3c      0x354 CMakeFiles/kb_manager.dir/C_/Program_Files/Raspberry_Pi/Pico_SDK_v1.5.1/pico-sdk/src/rp2_common/pico_printf/printf.c.obj
 .text._vsnprintf
                0x10003090      0x624 CMakeFiles/kb_manager.dir/C_/Program_Files/Raspberry_Pi/Pico_SDK_v1.5.1/pico-sdk/src/rp2_common/pico_printf/printf.c.obj
 .text.vfctprintf
                0x100036b4       0x20 CMakeFiles/kb_manager.dir/C_/Program_Files/Raspberry_Pi/Pico_SDK_v1.5.1/pico-sdk/src/rp2_common/pico_printf/printf.c.obj
                0x100036b4                vfctprintf
 .text          0x100036d4       0x10 CMakeFiles/kb_manager.dir/C_/Program_Files/Raspberry_Pi/Pico_SDK_v1.5.1/pico-sdk/src/rp2_common/pico_bit_ops/bit_ops_aeabi.S.obj
 .text.rom_func_lookup
                0x100036e4       0x10 CMakeFiles/kb_manager.dir/C_/Program_Files/Raspberry_Pi/Pico_SDK_v1.5.1/pico-sdk/src/rp2_common/pico_bootrom/bootrom.c.obj
                0x100036e4                rom_func_lookup
 .text.rom_data_lookup
                0x100036f4       0x10 CMakeFiles/kb_manager.dir/C_/Program_Files/Raspberry_Pi/Pico_SDK_v1.5.1/pico-sdk/src/rp2_common/pico_bootrom/bootrom.c.obj
                0x100036f4                rom_data_lookup
 .text.rom_funcs_lookup
                0x10003704       0x36 CMakeFiles/kb_manager.dir/C_/Program_Files/Raspberry_Pi/Pico_SDK_v1.5.1/pico-sdk/src/rp2_common/pico_bootrom/bootrom.c.obj
                0x10003704                rom_funcs_lookup
 *fill*         0x1000373a        0x2 
 .text.__wrap___aeabi_idiv
                0x1000373c       0x50 CMakeFiles/kb_manager.dir/C_/Program_Files/Raspberry_Pi/Pico_SDK_v1.5.1/pico-sdk/src/rp2_common/pico_divider/divider.S.obj
                0x1000373c                __wrap___aeabi_idivmod
                0x1000373c                divmod_s32s32
                0x1000373c                div_s32s32
                0x1000373c                __wrap___aeabi_idiv
                0x10003744                divmod_s32s32_unsafe
                0x10003770                divmod_s32s32_savestate
 .text.__wrap___aeabi_uidiv
                0x1000378c       0x4c CMakeFiles/kb_manager.dir/C_/Program_Files/Raspberry_Pi/Pico_SDK_v1.5.1/pico-sdk/src/rp2_common/pico_divider/divider.S.obj
                0x1000378c                __wrap___aeabi_uidiv
                0x1000378c                __wrap___aeabi_uidivmod
                0x1000378c                div_u32u32
                0x1000378c                divmod_u32u32
                0x10003794                divmod_u32u32_unsafe
                0x100037bc                divmod_u32u32_savestate
 .text.__wrap___aeabi_ldiv
                0x100037d8      0x424 CMakeFiles/kb_manager.dir/C_/Program_Files/Raspberry_Pi/Pico_SDK_v1.5.1/pico-sdk/src/rp2_common/pico_divider/divider.S.obj
                0x100037d8                div_s64s64
                0x100037d8                divmod_s64s64
                0x100037d8                __wrap___aeabi_ldivmod
                0x10003808                divmod_u64u64
                0x10003808                div_u64u64
                0x10003808                __wrap___aeabi_uldivmod
                0x10003818                divmod_u64u64_savestate
                0x10003838                divmod_s64s64_unsafe
                0x100038c0                divmod_u64u64_unsafe
 .text.__wrap___aeabi_darithmetic
                0x10003bfc       0x80 CMakeFiles/kb_manager.dir/C_/Program_Files/Raspberry_Pi/Pico_SDK_v1.5.1/pico-sdk/src/rp2_common/pico_double/double_aeabi.S.obj
                0x10003bfc                __wrap___aeabi_drsub
                0x10003c02                __wrap___aeabi_dsub
                0x10003c14                __wrap___aeabi_dadd
                0x10003c26                __wrap___aeabi_ddiv
                0x10003c62                __wrap___aeabi_dmul
 .text.__wrap___aeabi_cdcmple
                0x10003c7c       0x6c CMakeFiles/kb_manager.dir/C_/Program_Files/Raspberry_Pi/Pico_SDK_v1.5.1/pico-sdk/src/rp2_common/pico_double/double_aeabi.S.obj
                0x10003c7c                __wrap___aeabi_cdrcmple
                0x10003c8c                __wrap___aeabi_cdcmpeq
                0x10003c8c                __wrap___aeabi_cdcmple
 .text.__wrap___aeabi_dcmplt
                0x10003ce8        0xc CMakeFiles/kb_manager.dir/C_/Program_Files/Raspberry_Pi/Pico_SDK_v1.5.1/pico-sdk/src/rp2_common/pico_double/double_aeabi.S.obj
                0x10003ce8                __wrap___aeabi_dcmplt
 .text.__wrap___aeabi_dcmple
                0x10003cf4       0x10 CMakeFiles/kb_manager.dir/C_/Program_Files/Raspberry_Pi/Pico_SDK_v1.5.1/pico-sdk/src/rp2_common/pico_double/double_aeabi.S.obj
                0x10003cf4                __wrap___aeabi_dcmple
 .text.__wrap___aeabi_dcmpge
                0x10003d04       0x10 CMakeFiles/kb_manager.dir/C_/Program_Files/Raspberry_Pi/Pico_SDK_v1.5.1/pico-sdk/src/rp2_common/pico_double/double_aeabi.S.obj
                0x10003d04                __wrap___aeabi_dcmpge
 .text.__wrap___aeabi_dcmpgt
                0x10003d14        0xa CMakeFiles/kb_manager.dir/C_/Program_Files/Raspberry_Pi/Pico_SDK_v1.5.1/pico-sdk/src/rp2_common/pico_double/double_aeabi.S.obj
                0x10003d14                __wrap___aeabi_dcmpgt
 .text.__wrap___aeabi_dcmpun
                0x10003d1e       0x1c CMakeFiles/kb_manager.dir/C_/Program_Files/Raspberry_Pi/Pico_SDK_v1.5.1/pico-sdk/src/rp2_common/pico_double/double_aeabi.S.obj
                0x10003d1e                __wrap___aeabi_dcmpun
 *fill*         0x10003d3a        0x2 
 .text.__wrap___aeabi_i2d
                0x10003d3c       0x38 CMakeFiles/kb_manager.dir/C_/Program_Files/Raspberry_Pi/Pico_SDK_v1.5.1/pico-sdk/src/rp2_common/pico_double/double_aeabi.S.obj
                0x10003d3c                __wrap___aeabi_ui2d
                0x10003d44                __wrap___aeabi_i2d
 .text.__wrap___aeabi_d2iz
                0x10003d74       0x48 CMakeFiles/kb_manager.dir/C_/Program_Files/Raspberry_Pi/Pico_SDK_v1.5.1/pico-sdk/src/rp2_common/pico_double/double_aeabi.S.obj
                0x10003d74                double2int_z
                0x10003d74                __wrap___aeabi_d2iz
 .text.__wrap___aeabi_d2uiz
                0x10003dbc       0x18 CMakeFiles/kb_manager.dir/C_/Program_Files/Raspberry_Pi/Pico_SDK_v1.5.1/pico-sdk/src/rp2_common/pico_double/double_aeabi.S.obj
                0x10003dbc                __wrap___aeabi_d2uiz
                0x10003dbc                double2uint
 .text.__aeabi_double_init
                0x10003dd4       0xc8 CMakeFiles/kb_manager.dir/C_/Program_Files/Raspberry_Pi/Pico_SDK_v1.5.1/pico-sdk/src/rp2_common/pico_double/double_init_rom.c.obj
                0x10003dd4                __aeabi_double_init
 .text.double_table_shim_on_use_helper
                0x10003e9c       0x34 CMakeFiles/kb_manager.dir/C_/Program_Files/Raspberry_Pi/Pico_SDK_v1.5.1/pico-sdk/src/rp2_common/pico_double/double_v1_rom_shim.S.obj
                0x10003e9c                double_table_shim_on_use_helper
 .text.__wrap___aeabi_dsub
                0x10003ed0       0x10 CMakeFiles/kb_manager.dir/C_/Program_Files/Raspberry_Pi/Pico_SDK_v1.5.1/pico-sdk/src/rp2_common/pico_double/double_v1_rom_shim.S.obj
                0x10003ed0                drsub_shim
                0x10003ed6                dsub_shim
 .text.dadd_shim
                0x10003ee0      0x15c CMakeFiles/kb_manager.dir/C_/Program_Files/Raspberry_Pi/Pico_SDK_v1.5.1/pico-sdk/src/rp2_common/pico_double/double_v1_rom_shim.S.obj
                0x10003ee0                dadd_shim
 .text.dmul_shim
                0x1000403c      0x15c CMakeFiles/kb_manager.dir/C_/Program_Files/Raspberry_Pi/Pico_SDK_v1.5.1/pico-sdk/src/rp2_common/pico_double/double_v1_rom_shim.S.obj
                0x1000403c                dmul_shim
 .text.ddiv_shim
                0x10004198      0x1b0 CMakeFiles/kb_manager.dir/C_/Program_Files/Raspberry_Pi/Pico_SDK_v1.5.1/pico-sdk/src/rp2_common/pico_double/double_v1_rom_shim.S.obj
                0x10004198                ddiv_shim
 .text.double2uint_shim
                0x10004348        0xe CMakeFiles/kb_manager.dir/C_/Program_Files/Raspberry_Pi/Pico_SDK_v1.5.1/pico-sdk/src/rp2_common/pico_double/double_v1_rom_shim.S.obj
                0x10004348                double2uint_shim
                0x1000434a                double2ufix_shim
 *fill*         0x10004356        0x2 
 .text.double2uint64_shim
                0x10004358       0x70 CMakeFiles/kb_manager.dir/C_/Program_Files/Raspberry_Pi/Pico_SDK_v1.5.1/pico-sdk/src/rp2_common/pico_double/double_v1_rom_shim.S.obj
                0x10004358                double2uint64_shim
                0x1000435a                double2ufix64_shim
                0x1000437a                d2fix_a
 .text.dunpacks
                0x100043c8       0x3c CMakeFiles/kb_manager.dir/C_/Program_Files/Raspberry_Pi/Pico_SDK_v1.5.1/pico-sdk/src/rp2_common/pico_double/double_v1_rom_shim.S.obj
                0x100043c8                dunpacks
 .text.__aeabi_lmul
                0x10004404       0x32 CMakeFiles/kb_manager.dir/C_/Program_Files/Raspberry_Pi/Pico_SDK_v1.5.1/pico-sdk/src/rp2_common/pico_int64_ops/pico_int64_ops_aeabi.S.obj
                0x10004404                __wrap___aeabi_lmul
 *fill*         0x10004436        0x2 
 .text.__aeabi_float_init
                0x10004438       0xfc CMakeFiles/kb_manager.dir/C_/Program_Files/Raspberry_Pi/Pico_SDK_v1.5.1/pico-sdk/src/rp2_common/pico_float/float_init_rom.c.obj
                0x10004438                __aeabi_float_init
 .text.float_table_shim_on_use_helper
                0x10004534       0x34 CMakeFiles/kb_manager.dir/C_/Program_Files/Raspberry_Pi/Pico_SDK_v1.5.1/pico-sdk/src/rp2_common/pico_float/float_v1_rom_shim.S.obj
                0x10004534                float_table_shim_on_use_helper
 .text          0x10004568       0x10 CMakeFiles/kb_manager.dir/C_/Program_Files/Raspberry_Pi/Pico_SDK_v1.5.1/pico-sdk/src/rp2_common/pico_mem_ops/mem_ops_aeabi.S.obj
                0x10004568                __aeabi_mem_init
 .text.memset   0x10004578        0xc CMakeFiles/kb_manager.dir/C_/Program_Files/Raspberry_Pi/Pico_SDK_v1.5.1/pico-sdk/src/rp2_common/pico_mem_ops/mem_ops_aeabi.S.obj
                0x10004578                __wrap_memset
 .text.memcpy   0x10004584        0xc CMakeFiles/kb_manager.dir/C_/Program_Files/Raspberry_Pi/Pico_SDK_v1.5.1/pico-sdk/src/rp2_common/pico_mem_ops/mem_ops_aeabi.S.obj
                0x10004584                __wrap_memcpy
                0x10004584                __wrap___aeabi_memcpy
 .text.stdio_out_chars_no_crlf
                0x10004590        0xe CMakeFiles/kb_manager.dir/C_/Program_Files/Raspberry_Pi/Pico_SDK_v1.5.1/pico-sdk/src/rp2_common/pico_stdio/stdio.c.obj
 *fill*         0x1000459e        0x2 
 .text.stdio_out_chars_crlf
                0x100045a0       0x80 CMakeFiles/kb_manager.dir/C_/Program_Files/Raspberry_Pi/Pico_SDK_v1.5.1/pico-sdk/src/rp2_common/pico_stdio/stdio.c.obj
 .text.stdio_stack_buffer_flush
                0x10004620       0x44 CMakeFiles/kb_manager.dir/C_/Program_Files/Raspberry_Pi/Pico_SDK_v1.5.1/pico-sdk/src/rp2_common/pico_stdio/stdio.c.obj
 .text.stdio_buffered_printer
                0x10004664       0x20 CMakeFiles/kb_manager.dir/C_/Program_Files/Raspberry_Pi/Pico_SDK_v1.5.1/pico-sdk/src/rp2_common/pico_stdio/stdio.c.obj
 .text.stdout_serialize_begin
                0x10004684       0x5c CMakeFiles/kb_manager.dir/C_/Program_Files/Raspberry_Pi/Pico_SDK_v1.5.1/pico-sdk/src/rp2_common/pico_stdio/stdio.c.obj
                0x10004684                stdout_serialize_begin
 .text.stdout_serialize_end
                0x100046e0       0x10 CMakeFiles/kb_manager.dir/C_/Program_Files/Raspberry_Pi/Pico_SDK_v1.5.1/pico-sdk/src/rp2_common/pico_stdio/stdio.c.obj
                0x100046e0                stdout_serialize_end
 .text.stdio_put_string
                0x100046f0       0x98 CMakeFiles/kb_manager.dir/C_/Program_Files/Raspberry_Pi/Pico_SDK_v1.5.1/pico-sdk/src/rp2_common/pico_stdio/stdio.c.obj
 .text.stdio_set_driver_enabled
                0x10004788       0x2c CMakeFiles/kb_manager.dir/C_/Program_Files/Raspberry_Pi/Pico_SDK_v1.5.1/pico-sdk/src/rp2_common/pico_stdio/stdio.c.obj
                0x10004788                stdio_set_driver_enabled
 .text.stdio_flush
                0x100047b4       0x20 CMakeFiles/kb_manager.dir/C_/Program_Files/Raspberry_Pi/Pico_SDK_v1.5.1/pico-sdk/src/rp2_common/pico_stdio/stdio.c.obj
                0x100047b4                stdio_flush
 .text.__wrap_puts
                0x100047d4       0x1e CMakeFiles/kb_manager.dir/C_/Program_Files/Raspberry_Pi/Pico_SDK_v1.5.1/pico-sdk/src/rp2_common/pico_stdio/stdio.c.obj
                0x100047d4                __wrap_puts
 *fill*         0x100047f2        0x2 
 .text.__wrap_vprintf
                0x100047f4       0x40 CMakeFiles/kb_manager.dir/C_/Program_Files/Raspberry_Pi/Pico_SDK_v1.5.1/pico-sdk/src/rp2_common/pico_stdio/stdio.c.obj
                0x100047f4                __wrap_vprintf
 .text.__wrap_printf
                0x10004834       0x18 CMakeFiles/kb_manager.dir/C_/Program_Files/Raspberry_Pi/Pico_SDK_v1.5.1/pico-sdk/src/rp2_common/pico_stdio/stdio.c.obj
                0x10004834                __wrap_printf
 .text.stdio_init_all
                0x1000484c        0xe CMakeFiles/kb_manager.dir/C_/Program_Files/Raspberry_Pi/Pico_SDK_v1.5.1/pico-sdk/src/rp2_common/pico_stdio/stdio.c.obj
                0x1000484c                stdio_init_all
 *fill*         0x1000485a        0x2 
 .text.stdio_uart_out_chars
                0x1000485c       0x74 CMakeFiles/kb_manager.dir/C_/Program_Files/Raspberry_Pi/Pico_SDK_v1.5.1/pico-sdk/src/rp2_common/pico_stdio_uart/stdio_uart.c.obj
 .text.stdio_uart_in_chars
                0x100048d0       0x80 CMakeFiles/kb_manager.dir/C_/Program_Files/Raspberry_Pi/Pico_SDK_v1.5.1/pico-sdk/src/rp2_common/pico_stdio_uart/stdio_uart.c.obj
                0x100048d0                stdio_uart_in_chars
 .text.on_uart_rx
                0x10004950       0x28 CMakeFiles/kb_manager.dir/C_/Program_Files/Raspberry_Pi/Pico_SDK_v1.5.1/pico-sdk/src/rp2_common/pico_stdio_uart/stdio_uart.c.obj
 .text.stdio_uart_set_chars_available_callback
                0x10004978       0x8c CMakeFiles/kb_manager.dir/C_/Program_Files/Raspberry_Pi/Pico_SDK_v1.5.1/pico-sdk/src/rp2_common/pico_stdio_uart/stdio_uart.c.obj
 .text.stdio_uart_init_full
                0x10004a04       0x44 CMakeFiles/kb_manager.dir/C_/Program_Files/Raspberry_Pi/Pico_SDK_v1.5.1/pico-sdk/src/rp2_common/pico_stdio_uart/stdio_uart.c.obj
                0x10004a04                stdio_uart_init_full
 .text.stdio_uart_init
                0x10004a48       0x28 CMakeFiles/kb_manager.dir/C_/Program_Files/Raspberry_Pi/Pico_SDK_v1.5.1/pico-sdk/src/rp2_common/pico_stdio_uart/stdio_uart.c.obj
                0x10004a48                stdio_uart_init
 .text.resetd_init
                0x10004a70        0x2 CMakeFiles/kb_manager.dir/C_/Program_Files/Raspberry_Pi/Pico_SDK_v1.5.1/pico-sdk/src/rp2_common/pico_stdio_usb/reset_interface.c.obj
 *fill*         0x10004a72        0x2 
 .text.resetd_reset
                0x10004a74        0xc CMakeFiles/kb_manager.dir/C_/Program_Files/Raspberry_Pi/Pico_SDK_v1.5.1/pico-sdk/src/rp2_common/pico_stdio_usb/reset_interface.c.obj
 .text.resetd_open
                0x10004a80       0x34 CMakeFiles/kb_manager.dir/C_/Program_Files/Raspberry_Pi/Pico_SDK_v1.5.1/pico-sdk/src/rp2_common/pico_stdio_usb/reset_interface.c.obj
 .text.resetd_xfer_cb
                0x10004ab4        0x4 CMakeFiles/kb_manager.dir/C_/Program_Files/Raspberry_Pi/Pico_SDK_v1.5.1/pico-sdk/src/rp2_common/pico_stdio_usb/reset_interface.c.obj
 .text.reset_usb_boot
                0x10004ab8       0x18 CMakeFiles/kb_manager.dir/C_/Program_Files/Raspberry_Pi/Pico_SDK_v1.5.1/pico-sdk/src/rp2_common/pico_stdio_usb/reset_interface.c.obj
 .text.resetd_control_xfer_cb
                0x10004ad0       0x5c CMakeFiles/kb_manager.dir/C_/Program_Files/Raspberry_Pi/Pico_SDK_v1.5.1/pico-sdk/src/rp2_common/pico_stdio_usb/reset_interface.c.obj
 .text.usbd_app_driver_get_cb
                0x10004b2c        0xc CMakeFiles/kb_manager.dir/C_/Program_Files/Raspberry_Pi/Pico_SDK_v1.5.1/pico-sdk/src/rp2_common/pico_stdio_usb/reset_interface.c.obj
                0x10004b2c                usbd_app_driver_get_cb
 .text.tud_cdc_line_coding_cb
                0x10004b38       0x28 CMakeFiles/kb_manager.dir/C_/Program_Files/Raspberry_Pi/Pico_SDK_v1.5.1/pico-sdk/src/rp2_common/pico_stdio_usb/reset_interface.c.obj
                0x10004b38                tud_cdc_line_coding_cb
 .text.stdio_usb_set_chars_available_callback
                0x10004b60       0x14 CMakeFiles/kb_manager.dir/C_/Program_Files/Raspberry_Pi/Pico_SDK_v1.5.1/pico-sdk/src/rp2_common/pico_stdio_usb/stdio_usb.c.obj
                0x10004b60                stdio_usb_set_chars_available_callback
 .text.usb_irq  0x10004b74       0x10 CMakeFiles/kb_manager.dir/C_/Program_Files/Raspberry_Pi/Pico_SDK_v1.5.1/pico-sdk/src/rp2_common/pico_stdio_usb/stdio_usb.c.obj
 .text.timer_task
                0x10004b84       0x5c CMakeFiles/kb_manager.dir/C_/Program_Files/Raspberry_Pi/Pico_SDK_v1.5.1/pico-sdk/src/rp2_common/pico_stdio_usb/stdio_usb.c.obj
 .text.low_priority_worker_irq
                0x10004be0       0xdc CMakeFiles/kb_manager.dir/C_/Program_Files/Raspberry_Pi/Pico_SDK_v1.5.1/pico-sdk/src/rp2_common/pico_stdio_usb/stdio_usb.c.obj
 .text.tud_cdc_rx_cb
                0x10004cbc       0x20 CMakeFiles/kb_manager.dir/C_/Program_Files/Raspberry_Pi/Pico_SDK_v1.5.1/pico-sdk/src/rp2_common/pico_stdio_usb/stdio_usb.c.obj
                0x10004cbc                tud_cdc_rx_cb
 .text.stdio_usb_init
                0x10004cdc      0x11c CMakeFiles/kb_manager.dir/C_/Program_Files/Raspberry_Pi/Pico_SDK_v1.5.1/pico-sdk/src/rp2_common/pico_stdio_usb/stdio_usb.c.obj
                0x10004cdc                stdio_usb_init
 .text.stdio_usb_connected
                0x10004df8        0xa CMakeFiles/kb_manager.dir/C_/Program_Files/Raspberry_Pi/Pico_SDK_v1.5.1/pico-sdk/src/rp2_common/pico_stdio_usb/stdio_usb.c.obj
                0x10004df8                stdio_usb_connected
 *fill*         0x10004e02        0x2 
 .text.stdio_usb_in_chars
                0x10004e04       0xc4 CMakeFiles/kb_manager.dir/C_/Program_Files/Raspberry_Pi/Pico_SDK_v1.5.1/pico-sdk/src/rp2_common/pico_stdio_usb/stdio_usb.c.obj
                0x10004e04                stdio_usb_in_chars
 .text.stdio_usb_out_chars
                0x10004ec8      0x114 CMakeFiles/kb_manager.dir/C_/Program_Files/Raspberry_Pi/Pico_SDK_v1.5.1/pico-sdk/src/rp2_common/pico_stdio_usb/stdio_usb.c.obj
 .text.tud_descriptor_device_cb
                0x10004fdc        0x8 CMakeFiles/kb_manager.dir/C_/Program_Files/Raspberry_Pi/Pico_SDK_v1.5.1/pico-sdk/src/rp2_common/pico_stdio_usb/stdio_usb_descriptors.c.obj
                0x10004fdc                tud_descriptor_device_cb
 .text.tud_descriptor_configuration_cb
                0x10004fe4        0x8 CMakeFiles/kb_manager.dir/C_/Program_Files/Raspberry_Pi/Pico_SDK_v1.5.1/pico-sdk/src/rp2_common/pico_stdio_usb/stdio_usb_descriptors.c.obj
                0x10004fe4                tud_descriptor_configuration_cb
 .text.tud_descriptor_string_cb
                0x10004fec       0x6c CMakeFiles/kb_manager.dir/C_/Program_Files/Raspberry_Pi/Pico_SDK_v1.5.1/pico-sdk/src/rp2_common/pico_stdio_usb/stdio_usb_descriptors.c.obj
                0x10004fec                tud_descriptor_string_cb
 .text._retrieve_unique_id_on_boot
                0x10005058       0x10 CMakeFiles/kb_manager.dir/C_/Program_Files/Raspberry_Pi/Pico_SDK_v1.5.1/pico-sdk/src/rp2_common/pico_unique_id/unique_id.c.obj
 .text.pico_get_unique_board_id_string
                0x10005068       0x60 CMakeFiles/kb_manager.dir/C_/Program_Files/Raspberry_Pi/Pico_SDK_v1.5.1/pico-sdk/src/rp2_common/pico_unique_id/unique_id.c.obj
                0x10005068                pico_get_unique_board_id_string
 .text.flash_get_unique_id
                0x100050c8       0x46 CMakeFiles/kb_manager.dir/C_/Program_Files/Raspberry_Pi/Pico_SDK_v1.5.1/pico-sdk/src/rp2_common/hardware_flash/flash.c.obj
                0x100050c8                flash_get_unique_id
 *fill*         0x1000510e        0x2 
 .text.hw_endpoint_get_by_addr
                0x10005110       0x18 CMakeFiles/kb_manager.dir/C_/Program_Files/Raspberry_Pi/Pico_SDK_v1.5.1/pico-sdk/lib/tinyusb/src/portable/raspberrypi/rp2040/dcd_rp2040.c.obj
 .text._hw_endpoint_alloc
                0x10005128       0x70 CMakeFiles/kb_manager.dir/C_/Program_Files/Raspberry_Pi/Pico_SDK_v1.5.1/pico-sdk/lib/tinyusb/src/portable/raspberrypi/rp2040/dcd_rp2040.c.obj
 .text.hw_endpoint_init
                0x10005198       0x88 CMakeFiles/kb_manager.dir/C_/Program_Files/Raspberry_Pi/Pico_SDK_v1.5.1/pico-sdk/lib/tinyusb/src/portable/raspberrypi/rp2040/dcd_rp2040.c.obj
 .text.hw_endpoint_xfer
                0x10005220       0x14 CMakeFiles/kb_manager.dir/C_/Program_Files/Raspberry_Pi/Pico_SDK_v1.5.1/pico-sdk/lib/tinyusb/src/portable/raspberrypi/rp2040/dcd_rp2040.c.obj
 .text.dcd_int_enable
                0x10005234       0x2c CMakeFiles/kb_manager.dir/C_/Program_Files/Raspberry_Pi/Pico_SDK_v1.5.1/pico-sdk/lib/tinyusb/src/portable/raspberrypi/rp2040/dcd_rp2040.c.obj
                0x10005234                dcd_int_enable
 .text.dcd_set_address
                0x10005260       0x2c CMakeFiles/kb_manager.dir/C_/Program_Files/Raspberry_Pi/Pico_SDK_v1.5.1/pico-sdk/lib/tinyusb/src/portable/raspberrypi/rp2040/dcd_rp2040.c.obj
                0x10005260                dcd_set_address
 .text.dcd_connect
                0x1000528c       0x10 CMakeFiles/kb_manager.dir/C_/Program_Files/Raspberry_Pi/Pico_SDK_v1.5.1/pico-sdk/lib/tinyusb/src/portable/raspberrypi/rp2040/dcd_rp2040.c.obj
                0x1000528c                dcd_connect
 .text.dcd_init
                0x1000529c       0x80 CMakeFiles/kb_manager.dir/C_/Program_Files/Raspberry_Pi/Pico_SDK_v1.5.1/pico-sdk/lib/tinyusb/src/portable/raspberrypi/rp2040/dcd_rp2040.c.obj
                0x1000529c                dcd_init
 .text.dcd_edpt0_status_complete
                0x1000531c       0x1c CMakeFiles/kb_manager.dir/C_/Program_Files/Raspberry_Pi/Pico_SDK_v1.5.1/pico-sdk/lib/tinyusb/src/portable/raspberrypi/rp2040/dcd_rp2040.c.obj
                0x1000531c                dcd_edpt0_status_complete
 .text.dcd_edpt_open
                0x10005338       0x40 CMakeFiles/kb_manager.dir/C_/Program_Files/Raspberry_Pi/Pico_SDK_v1.5.1/pico-sdk/lib/tinyusb/src/portable/raspberrypi/rp2040/dcd_rp2040.c.obj
                0x10005338                dcd_edpt_open
 .text.dcd_edpt_close_all
                0x10005378        0x8 CMakeFiles/kb_manager.dir/C_/Program_Files/Raspberry_Pi/Pico_SDK_v1.5.1/pico-sdk/lib/tinyusb/src/portable/raspberrypi/rp2040/dcd_rp2040.c.obj
                0x10005378                dcd_edpt_close_all
 .text.dcd_edpt_xfer
                0x10005380       0x34 CMakeFiles/kb_manager.dir/C_/Program_Files/Raspberry_Pi/Pico_SDK_v1.5.1/pico-sdk/lib/tinyusb/src/portable/raspberrypi/rp2040/dcd_rp2040.c.obj
                0x10005380                dcd_edpt_xfer
 .text.dcd_edpt_stall
                0x100053b4       0x2c CMakeFiles/kb_manager.dir/C_/Program_Files/Raspberry_Pi/Pico_SDK_v1.5.1/pico-sdk/lib/tinyusb/src/portable/raspberrypi/rp2040/dcd_rp2040.c.obj
                0x100053b4                dcd_edpt_stall
 .text.dcd_edpt_clear_stall
                0x100053e0       0x20 CMakeFiles/kb_manager.dir/C_/Program_Files/Raspberry_Pi/Pico_SDK_v1.5.1/pico-sdk/lib/tinyusb/src/portable/raspberrypi/rp2040/dcd_rp2040.c.obj
                0x100053e0                dcd_edpt_clear_stall
 .text.rp2040_usb_init
                0x10005400       0x4c CMakeFiles/kb_manager.dir/C_/Program_Files/Raspberry_Pi/Pico_SDK_v1.5.1/pico-sdk/lib/tinyusb/src/portable/raspberrypi/rp2040/rp2040_usb.c.obj
                0x10005400                rp2040_usb_init
 .text.hw_endpoint_xfer_start
                0x1000544c       0x50 CMakeFiles/kb_manager.dir/C_/Program_Files/Raspberry_Pi/Pico_SDK_v1.5.1/pico-sdk/lib/tinyusb/src/portable/raspberrypi/rp2040/rp2040_usb.c.obj
                0x1000544c                hw_endpoint_xfer_start
 .text.configuration_reset
                0x1000549c       0x84 CMakeFiles/kb_manager.dir/C_/Program_Files/Raspberry_Pi/Pico_SDK_v1.5.1/pico-sdk/lib/tinyusb/src/device/usbd.c.obj
 .text.usbd_reset
                0x10005520        0xc CMakeFiles/kb_manager.dir/C_/Program_Files/Raspberry_Pi/Pico_SDK_v1.5.1/pico-sdk/lib/tinyusb/src/device/usbd.c.obj
 .text.invoke_class_control
                0x1000552c       0x1a CMakeFiles/kb_manager.dir/C_/Program_Files/Raspberry_Pi/Pico_SDK_v1.5.1/pico-sdk/lib/tinyusb/src/device/usbd.c.obj
 *fill*         0x10005546        0x2 
 .text.process_set_config
                0x10005548      0x178 CMakeFiles/kb_manager.dir/C_/Program_Files/Raspberry_Pi/Pico_SDK_v1.5.1/pico-sdk/lib/tinyusb/src/device/usbd.c.obj
 .text.process_get_descriptor
                0x100056c0       0xdc CMakeFiles/kb_manager.dir/C_/Program_Files/Raspberry_Pi/Pico_SDK_v1.5.1/pico-sdk/lib/tinyusb/src/device/usbd.c.obj
 .text.tud_mounted
                0x1000579c       0x10 CMakeFiles/kb_manager.dir/C_/Program_Files/Raspberry_Pi/Pico_SDK_v1.5.1/pico-sdk/lib/tinyusb/src/device/usbd.c.obj
                0x1000579c                tud_mounted
 .text.tud_suspended
                0x100057ac       0x10 CMakeFiles/kb_manager.dir/C_/Program_Files/Raspberry_Pi/Pico_SDK_v1.5.1/pico-sdk/lib/tinyusb/src/device/usbd.c.obj
                0x100057ac                tud_suspended
 .text.tud_inited
                0x100057bc       0x14 CMakeFiles/kb_manager.dir/C_/Program_Files/Raspberry_Pi/Pico_SDK_v1.5.1/pico-sdk/lib/tinyusb/src/device/usbd.c.obj
                0x100057bc                tud_inited
 .text.tud_init
                0x100057d0       0xcc CMakeFiles/kb_manager.dir/C_/Program_Files/Raspberry_Pi/Pico_SDK_v1.5.1/pico-sdk/lib/tinyusb/src/device/usbd.c.obj
                0x100057d0                tud_init
 .text.usbd_defer_func
                0x1000589c       0x2a CMakeFiles/kb_manager.dir/C_/Program_Files/Raspberry_Pi/Pico_SDK_v1.5.1/pico-sdk/lib/tinyusb/src/device/usbd.c.obj
                0x1000589c                usbd_defer_func
 *fill*         0x100058c6        0x2 
 .text.usbd_edpt_open
                0x100058c8       0x34 CMakeFiles/kb_manager.dir/C_/Program_Files/Raspberry_Pi/Pico_SDK_v1.5.1/pico-sdk/lib/tinyusb/src/device/usbd.c.obj
                0x100058c8                usbd_edpt_open
 .text.usbd_open_edpt_pair
                0x100058fc       0x62 CMakeFiles/kb_manager.dir/C_/Program_Files/Raspberry_Pi/Pico_SDK_v1.5.1/pico-sdk/lib/tinyusb/src/device/usbd.c.obj
                0x100058fc                usbd_open_edpt_pair
 *fill*         0x1000595e        0x2 
 .text.usbd_edpt_claim
                0x10005960       0x28 CMakeFiles/kb_manager.dir/C_/Program_Files/Raspberry_Pi/Pico_SDK_v1.5.1/pico-sdk/lib/tinyusb/src/device/usbd.c.obj
                0x10005960                usbd_edpt_claim
 .text.usbd_edpt_release
                0x10005988       0x28 CMakeFiles/kb_manager.dir/C_/Program_Files/Raspberry_Pi/Pico_SDK_v1.5.1/pico-sdk/lib/tinyusb/src/device/usbd.c.obj
                0x10005988                usbd_edpt_release
 .text.usbd_edpt_xfer
                0x100059b0       0x78 CMakeFiles/kb_manager.dir/C_/Program_Files/Raspberry_Pi/Pico_SDK_v1.5.1/pico-sdk/lib/tinyusb/src/device/usbd.c.obj
                0x100059b0                usbd_edpt_xfer
 .text.usbd_edpt_stall
                0x10005a28       0x48 CMakeFiles/kb_manager.dir/C_/Program_Files/Raspberry_Pi/Pico_SDK_v1.5.1/pico-sdk/lib/tinyusb/src/device/usbd.c.obj
                0x10005a28                usbd_edpt_stall
 .text.usbd_edpt_clear_stall
                0x10005a70       0x48 CMakeFiles/kb_manager.dir/C_/Program_Files/Raspberry_Pi/Pico_SDK_v1.5.1/pico-sdk/lib/tinyusb/src/device/usbd.c.obj
                0x10005a70                usbd_edpt_clear_stall
 .text.usbd_edpt_stalled
                0x10005ab8       0x1c CMakeFiles/kb_manager.dir/C_/Program_Files/Raspberry_Pi/Pico_SDK_v1.5.1/pico-sdk/lib/tinyusb/src/device/usbd.c.obj
                0x10005ab8                usbd_edpt_stalled
 .text.process_control_request
                0x10005ad4      0x37c CMakeFiles/kb_manager.dir/C_/Program_Files/Raspberry_Pi/Pico_SDK_v1.5.1/pico-sdk/lib/tinyusb/src/device/usbd.c.obj
 .text.tud_task_ext
                0x10005e50      0x1b8 CMakeFiles/kb_manager.dir/C_/Program_Files/Raspberry_Pi/Pico_SDK_v1.5.1/pico-sdk/lib/tinyusb/src/device/usbd.c.obj
                0x10005e50                tud_task_ext
 .text._data_stage_xact
                0x10006008       0x58 CMakeFiles/kb_manager.dir/C_/Program_Files/Raspberry_Pi/Pico_SDK_v1.5.1/pico-sdk/lib/tinyusb/src/device/usbd_control.c.obj
 .text.tud_control_status
                0x10006060       0x38 CMakeFiles/kb_manager.dir/C_/Program_Files/Raspberry_Pi/Pico_SDK_v1.5.1/pico-sdk/lib/tinyusb/src/device/usbd_control.c.obj
                0x10006060                tud_control_status
 .text.tud_control_xfer
                0x10006098       0x74 CMakeFiles/kb_manager.dir/C_/Program_Files/Raspberry_Pi/Pico_SDK_v1.5.1/pico-sdk/lib/tinyusb/src/device/usbd_control.c.obj
                0x10006098                tud_control_xfer
 .text.usbd_control_reset
                0x1000610c       0x14 CMakeFiles/kb_manager.dir/C_/Program_Files/Raspberry_Pi/Pico_SDK_v1.5.1/pico-sdk/lib/tinyusb/src/device/usbd_control.c.obj
                0x1000610c                usbd_control_reset
 .text.usbd_control_set_complete_callback
                0x10006120        0xc CMakeFiles/kb_manager.dir/C_/Program_Files/Raspberry_Pi/Pico_SDK_v1.5.1/pico-sdk/lib/tinyusb/src/device/usbd_control.c.obj
                0x10006120                usbd_control_set_complete_callback
 .text.usbd_control_set_request
                0x1000612c       0x1c CMakeFiles/kb_manager.dir/C_/Program_Files/Raspberry_Pi/Pico_SDK_v1.5.1/pico-sdk/lib/tinyusb/src/device/usbd_control.c.obj
                0x1000612c                usbd_control_set_request
 .text.usbd_control_xfer_cb
                0x10006148       0xcc CMakeFiles/kb_manager.dir/C_/Program_Files/Raspberry_Pi/Pico_SDK_v1.5.1/pico-sdk/lib/tinyusb/src/device/usbd_control.c.obj
                0x10006148                usbd_control_xfer_cb
 .text._prep_out_transaction
                0x10006214       0x4a CMakeFiles/kb_manager.dir/C_/Program_Files/Raspberry_Pi/Pico_SDK_v1.5.1/pico-sdk/lib/tinyusb/src/class/cdc/cdc_device.c.obj
 *fill*         0x1000625e        0x2 
 .text.tud_cdc_n_connected
                0x10006260       0x44 CMakeFiles/kb_manager.dir/C_/Program_Files/Raspberry_Pi/Pico_SDK_v1.5.1/pico-sdk/lib/tinyusb/src/class/cdc/cdc_device.c.obj
                0x10006260                tud_cdc_n_connected
 .text.tud_cdc_n_available
                0x100062a4       0x18 CMakeFiles/kb_manager.dir/C_/Program_Files/Raspberry_Pi/Pico_SDK_v1.5.1/pico-sdk/lib/tinyusb/src/class/cdc/cdc_device.c.obj
                0x100062a4                tud_cdc_n_available
 .text.tud_cdc_n_read
                0x100062bc       0x28 CMakeFiles/kb_manager.dir/C_/Program_Files/Raspberry_Pi/Pico_SDK_v1.5.1/pico-sdk/lib/tinyusb/src/class/cdc/cdc_device.c.obj
                0x100062bc                tud_cdc_n_read
 .text.tud_cdc_n_write_flush
                0x100062e4       0xb8 CMakeFiles/kb_manager.dir/C_/Program_Files/Raspberry_Pi/Pico_SDK_v1.5.1/pico-sdk/lib/tinyusb/src/class/cdc/cdc_device.c.obj
                0x100062e4                tud_cdc_n_write_flush
 .text.tud_cdc_n_write
                0x1000639c       0x38 CMakeFiles/kb_manager.dir/C_/Program_Files/Raspberry_Pi/Pico_SDK_v1.5.1/pico-sdk/lib/tinyusb/src/class/cdc/cdc_device.c.obj
                0x1000639c                tud_cdc_n_write
 .text.tud_cdc_n_write_available
                0x100063d4       0x1c CMakeFiles/kb_manager.dir/C_/Program_Files/Raspberry_Pi/Pico_SDK_v1.5.1/pico-sdk/lib/tinyusb/src/class/cdc/cdc_device.c.obj
                0x100063d4                tud_cdc_n_write_available
 .text.cdcd_init
                0x100063f0       0xbc CMakeFiles/kb_manager.dir/C_/Program_Files/Raspberry_Pi/Pico_SDK_v1.5.1/pico-sdk/lib/tinyusb/src/class/cdc/cdc_device.c.obj
                0x100063f0                cdcd_init
 .text.cdcd_reset
                0x100064ac       0x44 CMakeFiles/kb_manager.dir/C_/Program_Files/Raspberry_Pi/Pico_SDK_v1.5.1/pico-sdk/lib/tinyusb/src/class/cdc/cdc_device.c.obj
                0x100064ac                cdcd_reset
 .text.cdcd_open
                0x100064f0       0xcc CMakeFiles/kb_manager.dir/C_/Program_Files/Raspberry_Pi/Pico_SDK_v1.5.1/pico-sdk/lib/tinyusb/src/class/cdc/cdc_device.c.obj
                0x100064f0                cdcd_open
 .text.cdcd_control_xfer_cb
                0x100065bc      0x134 CMakeFiles/kb_manager.dir/C_/Program_Files/Raspberry_Pi/Pico_SDK_v1.5.1/pico-sdk/lib/tinyusb/src/class/cdc/cdc_device.c.obj
                0x100065bc                cdcd_control_xfer_cb
 .text.cdcd_xfer_cb
                0x100066f0      0x130 CMakeFiles/kb_manager.dir/C_/Program_Files/Raspberry_Pi/Pico_SDK_v1.5.1/pico-sdk/lib/tinyusb/src/class/cdc/cdc_device.c.obj
                0x100066f0                cdcd_xfer_cb
 .text.tusb_init
                0x10006820        0xa CMakeFiles/kb_manager.dir/C_/Program_Files/Raspberry_Pi/Pico_SDK_v1.5.1/pico-sdk/lib/tinyusb/src/tusb.c.obj
                0x10006820                tusb_init
 .text.tusb_inited
                0x1000682a        0xe CMakeFiles/kb_manager.dir/C_/Program_Files/Raspberry_Pi/Pico_SDK_v1.5.1/pico-sdk/lib/tinyusb/src/tusb.c.obj
                0x1000682a                tusb_inited
 .text.tu_edpt_claim
                0x10006838       0x50 CMakeFiles/kb_manager.dir/C_/Program_Files/Raspberry_Pi/Pico_SDK_v1.5.1/pico-sdk/lib/tinyusb/src/tusb.c.obj
                0x10006838                tu_edpt_claim
 .text.tu_edpt_release
                0x10006888       0x3c CMakeFiles/kb_manager.dir/C_/Program_Files/Raspberry_Pi/Pico_SDK_v1.5.1/pico-sdk/lib/tinyusb/src/tusb.c.obj
                0x10006888                tu_edpt_release
 .text.tu_edpt_validate
                0x100068c4       0x78 CMakeFiles/kb_manager.dir/C_/Program_Files/Raspberry_Pi/Pico_SDK_v1.5.1/pico-sdk/lib/tinyusb/src/tusb.c.obj
                0x100068c4                tu_edpt_validate
 .text.tu_edpt_bind_driver
                0x1000693c       0x26 CMakeFiles/kb_manager.dir/C_/Program_Files/Raspberry_Pi/Pico_SDK_v1.5.1/pico-sdk/lib/tinyusb/src/tusb.c.obj
                0x1000693c                tu_edpt_bind_driver
 .text.advance_index
                0x10006962       0x1a CMakeFiles/kb_manager.dir/C_/Program_Files/Raspberry_Pi/Pico_SDK_v1.5.1/pico-sdk/lib/tinyusb/src/common/tusb_fifo.c.obj
 .text._tu_fifo_peek
                0x1000697c       0x56 CMakeFiles/kb_manager.dir/C_/Program_Files/Raspberry_Pi/Pico_SDK_v1.5.1/pico-sdk/lib/tinyusb/src/common/tusb_fifo.c.obj
 .text._ff_pull_const_addr
                0x100069d2       0x4c CMakeFiles/kb_manager.dir/C_/Program_Files/Raspberry_Pi/Pico_SDK_v1.5.1/pico-sdk/lib/tinyusb/src/common/tusb_fifo.c.obj
 .text._ff_pull_n
                0x10006a1e      0x110 CMakeFiles/kb_manager.dir/C_/Program_Files/Raspberry_Pi/Pico_SDK_v1.5.1/pico-sdk/lib/tinyusb/src/common/tusb_fifo.c.obj
 .text._tu_fifo_peek_n
                0x10006b2e       0x6a CMakeFiles/kb_manager.dir/C_/Program_Files/Raspberry_Pi/Pico_SDK_v1.5.1/pico-sdk/lib/tinyusb/src/common/tusb_fifo.c.obj
 .text._tu_fifo_read_n
                0x10006b98       0x4e CMakeFiles/kb_manager.dir/C_/Program_Files/Raspberry_Pi/Pico_SDK_v1.5.1/pico-sdk/lib/tinyusb/src/common/tusb_fifo.c.obj
 .text._ff_push_const_addr
                0x10006be6       0x40 CMakeFiles/kb_manager.dir/C_/Program_Files/Raspberry_Pi/Pico_SDK_v1.5.1/pico-sdk/lib/tinyusb/src/common/tusb_fifo.c.obj
 .text._ff_push_n
                0x10006c26      0x10c CMakeFiles/kb_manager.dir/C_/Program_Files/Raspberry_Pi/Pico_SDK_v1.5.1/pico-sdk/lib/tinyusb/src/common/tusb_fifo.c.obj
 .text._tu_fifo_write_n
                0x10006d32       0xf0 CMakeFiles/kb_manager.dir/C_/Program_Files/Raspberry_Pi/Pico_SDK_v1.5.1/pico-sdk/lib/tinyusb/src/common/tusb_fifo.c.obj
 .text.tu_fifo_config
                0x10006e22       0x7c CMakeFiles/kb_manager.dir/C_/Program_Files/Raspberry_Pi/Pico_SDK_v1.5.1/pico-sdk/lib/tinyusb/src/common/tusb_fifo.c.obj
                0x10006e22                tu_fifo_config
 .text.tu_fifo_count
                0x10006e9e       0x2a CMakeFiles/kb_manager.dir/C_/Program_Files/Raspberry_Pi/Pico_SDK_v1.5.1/pico-sdk/lib/tinyusb/src/common/tusb_fifo.c.obj
                0x10006e9e                tu_fifo_count
 .text.tu_fifo_empty
                0x10006ec8       0x10 CMakeFiles/kb_manager.dir/C_/Program_Files/Raspberry_Pi/Pico_SDK_v1.5.1/pico-sdk/lib/tinyusb/src/common/tusb_fifo.c.obj
                0x10006ec8                tu_fifo_empty
 .text.tu_fifo_full
                0x10006ed8       0x28 CMakeFiles/kb_manager.dir/C_/Program_Files/Raspberry_Pi/Pico_SDK_v1.5.1/pico-sdk/lib/tinyusb/src/common/tusb_fifo.c.obj
                0x10006ed8                tu_fifo_full
 .text.tu_fifo_remaining
                0x10006f00       0x2c CMakeFiles/kb_manager.dir/C_/Program_Files/Raspberry_Pi/Pico_SDK_v1.5.1/pico-sdk/lib/tinyusb/src/common/tusb_fifo.c.obj
                0x10006f00                tu_fifo_remaining
 .text.tu_fifo_read
                0x10006f2c       0x42 CMakeFiles/kb_manager.dir/C_/Program_Files/Raspberry_Pi/Pico_SDK_v1.5.1/pico-sdk/lib/tinyusb/src/common/tusb_fifo.c.obj
                0x10006f2c                tu_fifo_read
 .text.tu_fifo_read_n
                0x10006f6e        0xa CMakeFiles/kb_manager.dir/C_/Program_Files/Raspberry_Pi/Pico_SDK_v1.5.1/pico-sdk/lib/tinyusb/src/common/tusb_fifo.c.obj
                0x10006f6e                tu_fifo_read_n
 .text.tu_fifo_write
                0x10006f78       0x64 CMakeFiles/kb_manager.dir/C_/Program_Files/Raspberry_Pi/Pico_SDK_v1.5.1/pico-sdk/lib/tinyusb/src/common/tusb_fifo.c.obj
                0x10006f78                tu_fifo_write
 .text.tu_fifo_write_n
                0x10006fdc        0xa CMakeFiles/kb_manager.dir/C_/Program_Files/Raspberry_Pi/Pico_SDK_v1.5.1/pico-sdk/lib/tinyusb/src/common/tusb_fifo.c.obj
                0x10006fdc                tu_fifo_write_n
 .text.tu_fifo_clear
                0x10006fe6       0x3e CMakeFiles/kb_manager.dir/C_/Program_Files/Raspberry_Pi/Pico_SDK_v1.5.1/pico-sdk/lib/tinyusb/src/common/tusb_fifo.c.obj
                0x10006fe6                tu_fifo_clear
 .text.tu_fifo_set_overwritable
                0x10007024       0x46 CMakeFiles/kb_manager.dir/C_/Program_Files/Raspberry_Pi/Pico_SDK_v1.5.1/pico-sdk/lib/tinyusb/src/common/tusb_fifo.c.obj
                0x10007024                tu_fifo_set_overwritable
 *fill*         0x1000706a        0x2 
 .text.strlen   0x1000706c       0x5c c:/progra~1/raspbe~1/picosd~1.1/gcc-ar~1/bin/../lib/gcc/arm-none-eabi/10.3.1/../../../../arm-none-eabi/lib/thumb/v6-m/nofp\libg.a(lib_a-strlen-stub.o)
                0x1000706c                strlen
 *(.fini)
 .fini          0x100070c8        0x4 c:/progra~1/raspbe~1/picosd~1.1/gcc-ar~1/bin/../lib/gcc/arm-none-eabi/10.3.1/thumb/v6-m/nofp/crti.o
                0x100070c8                _fini
 *fill*         0x100070cc        0x4 
 .fini.__stub   0x100070d0       0xe0 linker stubs
 *crtbegin.o(.ctors)
 *crtbegin?.o(.ctors)
 *(EXCLUDE_FILE(*crtend.o *crtend?.o) .ctors)
 *(SORT_BY_NAME(.ctors.*))
 *(.ctors)
 *crtbegin.o(.dtors)
 *crtbegin?.o(.dtors)
 *(EXCLUDE_FILE(*crtend.o *crtend?.o) .dtors)
 *(SORT_BY_NAME(.dtors.*))
 *(.dtors)
 *(.eh_frame*)
 .eh_frame      0x100071b0        0x0 c:/progra~1/raspbe~1/picosd~1.1/gcc-ar~1/bin/../lib/gcc/arm-none-eabi/10.3.1/thumb/v6-m/nofp/crtbegin.o
                0x100071b0                . = ALIGN (0x4)

.glue_7         0x100071b0        0x0
 .glue_7        0x100071b0        0x0 linker stubs

.glue_7t        0x100071b0        0x0
 .glue_7t       0x100071b0        0x0 linker stubs

.vfp11_veneer   0x100071b0        0x0
 .vfp11_veneer  0x100071b0        0x0 linker stubs

.v4_bx          0x100071b0        0x0
 .v4_bx         0x100071b0        0x0 linker stubs

.iplt           0x100071b0        0x0
 .iplt          0x100071b0        0x0 c:/progra~1/raspbe~1/picosd~1.1/gcc-ar~1/bin/../lib/gcc/arm-none-eabi/10.3.1/thumb/v6-m/nofp/crtbegin.o

.rodata         0x100071b0     0x17e0
 *(EXCLUDE_FILE(*libm.a: *libc.a:*lib_a-mem*.o *libgcc.a:) .rodata*)
 .rodata.main.str1.4
                0x100071b0        0xd CMakeFiles/kb_manager.dir/kb_manager.c.obj
 *fill*         0x100071bd        0x3 
 .rodata.str1.4
                0x100071c0       0x35 CMakeFiles/kb_manager.dir/kb_manager.c.obj
 *fill*         0x100071f5        0x3 
 .rodata.__bi_10.0
                0x100071f8        0xc CMakeFiles/kb_manager.dir/kb_manager.c.obj
 .rodata.__bi_11.1
                0x10007204        0xc CMakeFiles/kb_manager.dir/kb_manager.c.obj
 .rodata.spin_lock_claim_unused.str1.4
                0x10007210       0x1b CMakeFiles/kb_manager.dir/C_/Program_Files/Raspberry_Pi/Pico_SDK_v1.5.1/pico-sdk/src/rp2_common/hardware_sync/sync.c.obj
 *fill*         0x1000722b        0x1 
 .rodata.make_branch.str1.4
                0x1000722c       0x89 CMakeFiles/kb_manager.dir/C_/Program_Files/Raspberry_Pi/Pico_SDK_v1.5.1/pico-sdk/src/rp2_common/hardware_irq/irq.c.obj
 *fill*         0x100072b5        0x3 
 .rodata.insert_branch_and_link.str1.4
                0x100072b8       0x10 CMakeFiles/kb_manager.dir/C_/Program_Files/Raspberry_Pi/Pico_SDK_v1.5.1/pico-sdk/src/rp2_common/hardware_irq/irq.c.obj
 .rodata.irq_set_exclusive_handler.str1.4
                0x100072c8       0x36 CMakeFiles/kb_manager.dir/C_/Program_Files/Raspberry_Pi/Pico_SDK_v1.5.1/pico-sdk/src/rp2_common/hardware_irq/irq.c.obj
 *fill*         0x100072fe        0x2 
 .rodata.irq_add_shared_handler.str1.4
                0x10007300       0xd9 CMakeFiles/kb_manager.dir/C_/Program_Files/Raspberry_Pi/Pico_SDK_v1.5.1/pico-sdk/src/rp2_common/hardware_irq/irq.c.obj
 *fill*         0x100073d9        0x3 
 .rodata.irq_remove_handler.str1.4
                0x100073dc       0x3a CMakeFiles/kb_manager.dir/C_/Program_Files/Raspberry_Pi/Pico_SDK_v1.5.1/pico-sdk/src/rp2_common/hardware_irq/irq.c.obj
 *fill*         0x10007416        0x2 
 .rodata.irq_add_tail_to_free_list.str1.4
                0x10007418       0x3a CMakeFiles/kb_manager.dir/C_/Program_Files/Raspberry_Pi/Pico_SDK_v1.5.1/pico-sdk/src/rp2_common/hardware_irq/irq.c.obj
 *fill*         0x10007452        0x2 
 .rodata.user_irq_claim_unused.str1.4
                0x10007454       0x1b CMakeFiles/kb_manager.dir/C_/Program_Files/Raspberry_Pi/Pico_SDK_v1.5.1/pico-sdk/src/rp2_common/hardware_irq/irq.c.obj
 *fill*         0x1000746f        0x1 
 .rodata.__func__.0
                0x10007470       0x1a CMakeFiles/kb_manager.dir/C_/Program_Files/Raspberry_Pi/Pico_SDK_v1.5.1/pico-sdk/src/rp2_common/hardware_irq/irq.c.obj
 *fill*         0x1000748a        0x2 
 .rodata.__func__.1
                0x1000748c       0x17 CMakeFiles/kb_manager.dir/C_/Program_Files/Raspberry_Pi/Pico_SDK_v1.5.1/pico-sdk/src/rp2_common/hardware_irq/irq.c.obj
 *fill*         0x100074a3        0x1 
 .rodata.__func__.2
                0x100074a4       0x13 CMakeFiles/kb_manager.dir/C_/Program_Files/Raspberry_Pi/Pico_SDK_v1.5.1/pico-sdk/src/rp2_common/hardware_irq/irq.c.obj
 *fill*         0x100074b7        0x1 
 .rodata.__func__.3
                0x100074b8        0xc CMakeFiles/kb_manager.dir/C_/Program_Files/Raspberry_Pi/Pico_SDK_v1.5.1/pico-sdk/src/rp2_common/hardware_irq/irq.c.obj
 .rodata.__func__.4
                0x100074c4        0xf CMakeFiles/kb_manager.dir/C_/Program_Files/Raspberry_Pi/Pico_SDK_v1.5.1/pico-sdk/src/rp2_common/hardware_irq/irq.c.obj
 *fill*         0x100074d3        0x1 
 .rodata.__func__.5
                0x100074d4       0x17 CMakeFiles/kb_manager.dir/C_/Program_Files/Raspberry_Pi/Pico_SDK_v1.5.1/pico-sdk/src/rp2_common/hardware_irq/irq.c.obj
 *fill*         0x100074eb        0x1 
 .rodata.__func__.6
                0x100074ec       0x1a CMakeFiles/kb_manager.dir/C_/Program_Files/Raspberry_Pi/Pico_SDK_v1.5.1/pico-sdk/src/rp2_common/hardware_irq/irq.c.obj
 *fill*         0x10007506        0x2 
 .rodata.str1.4
                0x10007508      0x125 CMakeFiles/kb_manager.dir/C_/Program_Files/Raspberry_Pi/Pico_SDK_v1.5.1/pico-sdk/src/common/pico_sync/mutex.c.obj
 *fill*         0x1000762d        0x3 
 .rodata.__func__.1
                0x10007630        0xb CMakeFiles/kb_manager.dir/C_/Program_Files/Raspberry_Pi/Pico_SDK_v1.5.1/pico-sdk/src/common/pico_sync/mutex.c.obj
 *fill*         0x1000763b        0x1 
 .rodata.__func__.3
                0x1000763c       0x18 CMakeFiles/kb_manager.dir/C_/Program_Files/Raspberry_Pi/Pico_SDK_v1.5.1/pico-sdk/src/common/pico_sync/mutex.c.obj
 .rodata.__func__.4
                0x10007654       0x15 CMakeFiles/kb_manager.dir/C_/Program_Files/Raspberry_Pi/Pico_SDK_v1.5.1/pico-sdk/src/common/pico_sync/mutex.c.obj
 *fill*         0x10007669        0x3 
 .rodata.repeating_timer_callback.str1.4
                0x1000766c       0x67 CMakeFiles/kb_manager.dir/C_/Program_Files/Raspberry_Pi/Pico_SDK_v1.5.1/pico-sdk/src/common/pico_time/time.c.obj
 *fill*         0x100076d3        0x1 
 .rodata.timer_pool_entry_comparator.str1.4
                0x100076d4       0x22 CMakeFiles/kb_manager.dir/C_/Program_Files/Raspberry_Pi/Pico_SDK_v1.5.1/pico-sdk/src/common/pico_time/time.c.obj
 *fill*         0x100076f6        0x2 
 .rodata.ph_add_child_node.str1.4
                0x100076f8       0xb2 CMakeFiles/kb_manager.dir/C_/Program_Files/Raspberry_Pi/Pico_SDK_v1.5.1/pico-sdk/src/common/pico_time/time.c.obj
 *fill*         0x100077aa        0x2 
 .rodata.add_alarm_under_lock.str1.4
                0x100077ac       0x28 CMakeFiles/kb_manager.dir/C_/Program_Files/Raspberry_Pi/Pico_SDK_v1.5.1/pico-sdk/src/common/pico_time/time.c.obj
                                 0x2b (size before relaxing)
 .rodata.alarm_pool_alarm_callback.str1.4
                0x100077d4       0x98 CMakeFiles/kb_manager.dir/C_/Program_Files/Raspberry_Pi/Pico_SDK_v1.5.1/pico-sdk/src/common/pico_time/time.c.obj
                                0x118 (size before relaxing)
 .rodata.alarm_pool_get_default.str1.4
                0x1000786c       0x21 CMakeFiles/kb_manager.dir/C_/Program_Files/Raspberry_Pi/Pico_SDK_v1.5.1/pico-sdk/src/common/pico_time/time.c.obj
 *fill*         0x1000788d        0x3 
 .rodata.alarm_pool_cancel_alarm.str1.4
                0x10007890       0x27 CMakeFiles/kb_manager.dir/C_/Program_Files/Raspberry_Pi/Pico_SDK_v1.5.1/pico-sdk/src/common/pico_time/time.c.obj
 *fill*         0x100078b7        0x1 
 .rodata.sleep_until.str1.4
                0x100078b8       0x4d CMakeFiles/kb_manager.dir/C_/Program_Files/Raspberry_Pi/Pico_SDK_v1.5.1/pico-sdk/src/common/pico_time/time.c.obj
 *fill*         0x10007905        0x3 
 .rodata.__func__.1
                0x10007908       0x18 CMakeFiles/kb_manager.dir/C_/Program_Files/Raspberry_Pi/Pico_SDK_v1.5.1/pico-sdk/src/common/pico_time/time.c.obj
 .rodata.__func__.10
                0x10007920       0x15 CMakeFiles/kb_manager.dir/C_/Program_Files/Raspberry_Pi/Pico_SDK_v1.5.1/pico-sdk/src/common/pico_time/time.c.obj
 *fill*         0x10007935        0x3 
 .rodata.__func__.11
                0x10007938       0x1a CMakeFiles/kb_manager.dir/C_/Program_Files/Raspberry_Pi/Pico_SDK_v1.5.1/pico-sdk/src/common/pico_time/time.c.obj
 *fill*         0x10007952        0x2 
 .rodata.__func__.12
                0x10007954        0xa CMakeFiles/kb_manager.dir/C_/Program_Files/Raspberry_Pi/Pico_SDK_v1.5.1/pico-sdk/src/common/pico_time/time.c.obj
 *fill*         0x1000795e        0x2 
 .rodata.__func__.3
                0x10007960       0x17 CMakeFiles/kb_manager.dir/C_/Program_Files/Raspberry_Pi/Pico_SDK_v1.5.1/pico-sdk/src/common/pico_time/time.c.obj
 *fill*         0x10007977        0x1 
 .rodata.__func__.4
                0x10007978       0x12 CMakeFiles/kb_manager.dir/C_/Program_Files/Raspberry_Pi/Pico_SDK_v1.5.1/pico-sdk/src/common/pico_time/time.c.obj
 *fill*         0x1000798a        0x2 
 .rodata.__func__.5
                0x1000798c        0xd CMakeFiles/kb_manager.dir/C_/Program_Files/Raspberry_Pi/Pico_SDK_v1.5.1/pico-sdk/src/common/pico_time/time.c.obj
 *fill*         0x10007999        0x3 
 .rodata.__func__.6
                0x1000799c       0x12 CMakeFiles/kb_manager.dir/C_/Program_Files/Raspberry_Pi/Pico_SDK_v1.5.1/pico-sdk/src/common/pico_time/time.c.obj
 *fill*         0x100079ae        0x2 
 .rodata.__func__.7
                0x100079b0        0xf CMakeFiles/kb_manager.dir/C_/Program_Files/Raspberry_Pi/Pico_SDK_v1.5.1/pico-sdk/src/common/pico_time/time.c.obj
 *fill*         0x100079bf        0x1 
 .rodata.__func__.8
                0x100079c0        0xc CMakeFiles/kb_manager.dir/C_/Program_Files/Raspberry_Pi/Pico_SDK_v1.5.1/pico-sdk/src/common/pico_time/time.c.obj
 .rodata.__func__.9
                0x100079cc       0x15 CMakeFiles/kb_manager.dir/C_/Program_Files/Raspberry_Pi/Pico_SDK_v1.5.1/pico-sdk/src/common/pico_time/time.c.obj
 *fill*         0x100079e1        0x3 
 .rodata.hardware_alarm_claim.str1.4
                0x100079e4       0x22 CMakeFiles/kb_manager.dir/C_/Program_Files/Raspberry_Pi/Pico_SDK_v1.5.1/pico-sdk/src/rp2_common/hardware_timer/timer.c.obj
 .rodata.busy_wait_us.str1.4
                0x10007a06       0x7d CMakeFiles/kb_manager.dir/C_/Program_Files/Raspberry_Pi/Pico_SDK_v1.5.1/pico-sdk/src/rp2_common/hardware_timer/timer.c.obj
 *fill*         0x10007a06        0x2 
 .rodata.hardware_alarm_set_target.str1.4
                0x10007a08       0x81 CMakeFiles/kb_manager.dir/C_/Program_Files/Raspberry_Pi/Pico_SDK_v1.5.1/pico-sdk/src/rp2_common/hardware_timer/timer.c.obj
 *fill*         0x10007a89        0x3 
 .rodata.__func__.0
                0x10007a8c       0x1a CMakeFiles/kb_manager.dir/C_/Program_Files/Raspberry_Pi/Pico_SDK_v1.5.1/pico-sdk/src/rp2_common/hardware_timer/timer.c.obj
 *fill*         0x10007aa6        0x2 
 .rodata.__func__.1
                0x10007aa8       0x15 CMakeFiles/kb_manager.dir/C_/Program_Files/Raspberry_Pi/Pico_SDK_v1.5.1/pico-sdk/src/rp2_common/hardware_timer/timer.c.obj
 .rodata.ph_add_child_node.str1.4
                0x10007abd       0xb2 CMakeFiles/kb_manager.dir/C_/Program_Files/Raspberry_Pi/Pico_SDK_v1.5.1/pico-sdk/src/common/pico_util/pheap.c.obj
 *fill*         0x10007abd        0x3 
 .rodata.ph_remove_any_head.str1.4
                0x10007ac0       0xa8 CMakeFiles/kb_manager.dir/C_/Program_Files/Raspberry_Pi/Pico_SDK_v1.5.1/pico-sdk/src/common/pico_util/pheap.c.obj
                                 0xbc (size before relaxing)
 .rodata.ph_remove_and_free_node.str1.4
                0x10007b68       0x1e CMakeFiles/kb_manager.dir/C_/Program_Files/Raspberry_Pi/Pico_SDK_v1.5.1/pico-sdk/src/common/pico_util/pheap.c.obj
                                 0x26 (size before relaxing)
 *fill*         0x10007b86        0x2 
 .rodata.__func__.0
                0x10007b88       0x18 CMakeFiles/kb_manager.dir/C_/Program_Files/Raspberry_Pi/Pico_SDK_v1.5.1/pico-sdk/src/common/pico_util/pheap.c.obj
 .rodata.__func__.1
                0x10007ba0       0x13 CMakeFiles/kb_manager.dir/C_/Program_Files/Raspberry_Pi/Pico_SDK_v1.5.1/pico-sdk/src/common/pico_util/pheap.c.obj
 *fill*         0x10007bb3        0x1 
 .rodata.__func__.2
                0x10007bb4       0x12 CMakeFiles/kb_manager.dir/C_/Program_Files/Raspberry_Pi/Pico_SDK_v1.5.1/pico-sdk/src/common/pico_util/pheap.c.obj
 *fill*         0x10007bc6        0x2 
 .rodata.__func__.3
                0x10007bc8        0xc CMakeFiles/kb_manager.dir/C_/Program_Files/Raspberry_Pi/Pico_SDK_v1.5.1/pico-sdk/src/common/pico_util/pheap.c.obj
 .rodata.clock_configure.str1.4
                0x10007bd4       0x73 CMakeFiles/kb_manager.dir/C_/Program_Files/Raspberry_Pi/Pico_SDK_v1.5.1/pico-sdk/src/rp2_common/hardware_clocks/clocks.c.obj
 *fill*         0x10007c47        0x1 
 .rodata.__func__.1
                0x10007c48       0x10 CMakeFiles/kb_manager.dir/C_/Program_Files/Raspberry_Pi/Pico_SDK_v1.5.1/pico-sdk/src/rp2_common/hardware_clocks/clocks.c.obj
 .rodata.pll_init.str1.4
                0x10007c58      0x140 CMakeFiles/kb_manager.dir/C_/Program_Files/Raspberry_Pi/Pico_SDK_v1.5.1/pico-sdk/src/rp2_common/hardware_pll/pll.c.obj
 .rodata.__func__.0
                0x10007d98        0x9 CMakeFiles/kb_manager.dir/C_/Program_Files/Raspberry_Pi/Pico_SDK_v1.5.1/pico-sdk/src/rp2_common/hardware_pll/pll.c.obj
 *fill*         0x10007da1        0x3 
 .rodata.__assert_func.str1.4
                0x10007da4       0x3f CMakeFiles/kb_manager.dir/C_/Program_Files/Raspberry_Pi/Pico_SDK_v1.5.1/pico-sdk/src/rp2_common/pico_runtime/runtime.c.obj
                                 0x43 (size before relaxing)
 *fill*         0x10007de3        0x1 
 .rodata.runtime_init.str1.4
                0x10007de4       0x7d CMakeFiles/kb_manager.dir/C_/Program_Files/Raspberry_Pi/Pico_SDK_v1.5.1/pico-sdk/src/rp2_common/pico_runtime/runtime.c.obj
 *fill*         0x10007e61        0x3 
 .rodata.panic.str1.4
                0x10007e64       0x12 CMakeFiles/kb_manager.dir/C_/Program_Files/Raspberry_Pi/Pico_SDK_v1.5.1/pico-sdk/src/rp2_common/pico_runtime/runtime.c.obj
 *fill*         0x10007e76        0x2 
 .rodata.__func__.2
                0x10007e78        0xd CMakeFiles/kb_manager.dir/C_/Program_Files/Raspberry_Pi/Pico_SDK_v1.5.1/pico-sdk/src/rp2_common/pico_runtime/runtime.c.obj
 *fill*         0x10007e85        0x3 
 .rodata._ftoa.str1.4
                0x10007e88       0x15 CMakeFiles/kb_manager.dir/C_/Program_Files/Raspberry_Pi/Pico_SDK_v1.5.1/pico-sdk/src/rp2_common/pico_printf/printf.c.obj
 *fill*         0x10007e9d        0x3 
 .rodata._vsnprintf
                0x10007ea0      0x1e0 CMakeFiles/kb_manager.dir/C_/Program_Files/Raspberry_Pi/Pico_SDK_v1.5.1/pico-sdk/src/rp2_common/pico_printf/printf.c.obj
 .rodata.pow10.0
                0x10008080       0x50 CMakeFiles/kb_manager.dir/C_/Program_Files/Raspberry_Pi/Pico_SDK_v1.5.1/pico-sdk/src/rp2_common/pico_printf/printf.c.obj
 .rodata.__aeabi_double_init.str1.4
                0x100080d0       0xb8 CMakeFiles/kb_manager.dir/C_/Program_Files/Raspberry_Pi/Pico_SDK_v1.5.1/pico-sdk/src/rp2_common/pico_double/double_init_rom.c.obj
 .rodata.__func__.0
                0x10008188       0x14 CMakeFiles/kb_manager.dir/C_/Program_Files/Raspberry_Pi/Pico_SDK_v1.5.1/pico-sdk/src/rp2_common/pico_double/double_init_rom.c.obj
 .rodata.__aeabi_float_init.str1.4
                0x1000819c       0x96 CMakeFiles/kb_manager.dir/C_/Program_Files/Raspberry_Pi/Pico_SDK_v1.5.1/pico-sdk/src/rp2_common/pico_float/float_init_rom.c.obj
                                 0x9a (size before relaxing)
 *fill*         0x10008232        0x2 
 .rodata.__func__.0
                0x10008234       0x13 CMakeFiles/kb_manager.dir/C_/Program_Files/Raspberry_Pi/Pico_SDK_v1.5.1/pico-sdk/src/rp2_common/pico_float/float_init_rom.c.obj
 *fill*         0x10008247        0x1 
 .rodata.str1.4
                0x10008248       0x40 CMakeFiles/kb_manager.dir/C_/Program_Files/Raspberry_Pi/Pico_SDK_v1.5.1/pico-sdk/src/rp2_common/pico_standard_link/binary_info.c.obj
 .rodata.__bi_44
                0x10008288        0xc CMakeFiles/kb_manager.dir/C_/Program_Files/Raspberry_Pi/Pico_SDK_v1.5.1/pico-sdk/src/rp2_common/pico_standard_link/binary_info.c.obj
 .rodata.__bi_75
                0x10008294        0xc CMakeFiles/kb_manager.dir/C_/Program_Files/Raspberry_Pi/Pico_SDK_v1.5.1/pico-sdk/src/rp2_common/pico_standard_link/binary_info.c.obj
 .rodata.__bi_81
                0x100082a0        0xc CMakeFiles/kb_manager.dir/C_/Program_Files/Raspberry_Pi/Pico_SDK_v1.5.1/pico-sdk/src/rp2_common/pico_standard_link/binary_info.c.obj
 .rodata.stdout_serialize_begin.str1.4
                0x100082ac       0x7d CMakeFiles/kb_manager.dir/C_/Program_Files/Raspberry_Pi/Pico_SDK_v1.5.1/pico-sdk/src/rp2_common/pico_stdio/stdio.c.obj
 .rodata.__func__.3
                0x100082ac       0x15 CMakeFiles/kb_manager.dir/C_/Program_Files/Raspberry_Pi/Pico_SDK_v1.5.1/pico-sdk/src/rp2_common/pico_stdio/stdio.c.obj
 *fill*         0x100082c1        0x3 
 .rodata.crlf_str.2
                0x100082c4        0x2 CMakeFiles/kb_manager.dir/C_/Program_Files/Raspberry_Pi/Pico_SDK_v1.5.1/pico-sdk/src/rp2_common/pico_stdio/stdio.c.obj
 *fill*         0x100082c6        0x2 
 .rodata.str1.4
                0x100082c8       0x2c CMakeFiles/kb_manager.dir/C_/Program_Files/Raspberry_Pi/Pico_SDK_v1.5.1/pico-sdk/src/rp2_common/pico_stdio_uart/stdio_uart.c.obj
 .rodata.__bi_33.4
                0x100082f4        0xc CMakeFiles/kb_manager.dir/C_/Program_Files/Raspberry_Pi/Pico_SDK_v1.5.1/pico-sdk/src/rp2_common/pico_stdio_uart/stdio_uart.c.obj
 .rodata.__bi_34.5
                0x10008300        0x8 CMakeFiles/kb_manager.dir/C_/Program_Files/Raspberry_Pi/Pico_SDK_v1.5.1/pico-sdk/src/rp2_common/pico_stdio_uart/stdio_uart.c.obj
 .rodata._resetd_driver
                0x10008308       0x18 CMakeFiles/kb_manager.dir/C_/Program_Files/Raspberry_Pi/Pico_SDK_v1.5.1/pico-sdk/src/rp2_common/pico_stdio_usb/reset_interface.c.obj
 .rodata.low_priority_worker_irq.str1.4
                0x10008320       0x7d CMakeFiles/kb_manager.dir/C_/Program_Files/Raspberry_Pi/Pico_SDK_v1.5.1/pico-sdk/src/rp2_common/pico_stdio_usb/stdio_usb.c.obj
 .rodata.stdio_usb_init.str1.4
                0x10008320       0x61 CMakeFiles/kb_manager.dir/C_/Program_Files/Raspberry_Pi/Pico_SDK_v1.5.1/pico-sdk/src/rp2_common/pico_stdio_usb/stdio_usb.c.obj
                                 0x69 (size before relaxing)
 *fill*         0x10008381        0x3 
 .rodata.str1.4
                0x10008384       0x13 CMakeFiles/kb_manager.dir/C_/Program_Files/Raspberry_Pi/Pico_SDK_v1.5.1/pico-sdk/src/rp2_common/pico_stdio_usb/stdio_usb.c.obj
 *fill*         0x10008397        0x1 
 .rodata.__bi_182.0
                0x10008398        0xc CMakeFiles/kb_manager.dir/C_/Program_Files/Raspberry_Pi/Pico_SDK_v1.5.1/pico-sdk/src/rp2_common/pico_stdio_usb/stdio_usb.c.obj
 .rodata.__func__.1
                0x100083a4        0xf CMakeFiles/kb_manager.dir/C_/Program_Files/Raspberry_Pi/Pico_SDK_v1.5.1/pico-sdk/src/rp2_common/pico_stdio_usb/stdio_usb.c.obj
 *fill*         0x100083b3        0x1 
 .rodata.__func__.3
                0x100083b4       0x15 CMakeFiles/kb_manager.dir/C_/Program_Files/Raspberry_Pi/Pico_SDK_v1.5.1/pico-sdk/src/rp2_common/pico_stdio_usb/stdio_usb.c.obj
 *fill*         0x100083c9        0x3 
 .rodata.str1.4
                0x100083cc       0x2a CMakeFiles/kb_manager.dir/C_/Program_Files/Raspberry_Pi/Pico_SDK_v1.5.1/pico-sdk/src/rp2_common/pico_stdio_usb/stdio_usb_descriptors.c.obj
 *fill*         0x100083f6        0x2 
 .rodata.usbd_desc_cfg
                0x100083f8       0x54 CMakeFiles/kb_manager.dir/C_/Program_Files/Raspberry_Pi/Pico_SDK_v1.5.1/pico-sdk/src/rp2_common/pico_stdio_usb/stdio_usb_descriptors.c.obj
 .rodata.usbd_desc_device
                0x1000844c       0x12 CMakeFiles/kb_manager.dir/C_/Program_Files/Raspberry_Pi/Pico_SDK_v1.5.1/pico-sdk/src/rp2_common/pico_stdio_usb/stdio_usb_descriptors.c.obj
 *fill*         0x1000845e        0x2 
 .rodata.usbd_desc_str
                0x10008460       0x18 CMakeFiles/kb_manager.dir/C_/Program_Files/Raspberry_Pi/Pico_SDK_v1.5.1/pico-sdk/src/rp2_common/pico_stdio_usb/stdio_usb_descriptors.c.obj
 .rodata.pico_get_unique_board_id_string.str1.4
                0x10008478       0x69 CMakeFiles/kb_manager.dir/C_/Program_Files/Raspberry_Pi/Pico_SDK_v1.5.1/pico-sdk/src/rp2_common/pico_unique_id/unique_id.c.obj
 *fill*         0x100084e1        0x3 
 .rodata.__func__.0
                0x100084e4       0x20 CMakeFiles/kb_manager.dir/C_/Program_Files/Raspberry_Pi/Pico_SDK_v1.5.1/pico-sdk/src/rp2_common/pico_unique_id/unique_id.c.obj
 .rodata.str1.4
                0x10008504      0x176 CMakeFiles/kb_manager.dir/C_/Program_Files/Raspberry_Pi/Pico_SDK_v1.5.1/pico-sdk/src/rp2_common/hardware_flash/flash.c.obj
 *fill*         0x1000867a        0x2 
 .rodata.__func__.0
                0x1000867c        0xd CMakeFiles/kb_manager.dir/C_/Program_Files/Raspberry_Pi/Pico_SDK_v1.5.1/pico-sdk/src/rp2_common/hardware_flash/flash.c.obj
 *fill*         0x10008689        0x3 
 .rodata._hw_endpoint_alloc.str1.4
                0x1000868c       0xd1 CMakeFiles/kb_manager.dir/C_/Program_Files/Raspberry_Pi/Pico_SDK_v1.5.1/pico-sdk/lib/tinyusb/src/portable/raspberrypi/rp2040/dcd_rp2040.c.obj
 *fill*         0x1000875d        0x3 
 .rodata.str1.4
                0x10008760       0x14 CMakeFiles/kb_manager.dir/C_/Program_Files/Raspberry_Pi/Pico_SDK_v1.5.1/pico-sdk/lib/tinyusb/src/portable/raspberrypi/rp2040/dcd_rp2040.c.obj
 .rodata.dcd_int_enable.str1.4
                0x10008774        0xc CMakeFiles/kb_manager.dir/C_/Program_Files/Raspberry_Pi/Pico_SDK_v1.5.1/pico-sdk/lib/tinyusb/src/portable/raspberrypi/rp2040/dcd_rp2040.c.obj
 .rodata.__func__.0
                0x10008780        0xe CMakeFiles/kb_manager.dir/C_/Program_Files/Raspberry_Pi/Pico_SDK_v1.5.1/pico-sdk/lib/tinyusb/src/portable/raspberrypi/rp2040/dcd_rp2040.c.obj
 *fill*         0x1000878e        0x2 
 .rodata.__func__.1
                0x10008790        0xe CMakeFiles/kb_manager.dir/C_/Program_Files/Raspberry_Pi/Pico_SDK_v1.5.1/pico-sdk/lib/tinyusb/src/portable/raspberrypi/rp2040/dcd_rp2040.c.obj
 *fill*         0x1000879e        0x2 
 .rodata.__func__.3
                0x100087a0       0x10 CMakeFiles/kb_manager.dir/C_/Program_Files/Raspberry_Pi/Pico_SDK_v1.5.1/pico-sdk/lib/tinyusb/src/portable/raspberrypi/rp2040/dcd_rp2040.c.obj
 .rodata.__func__.5
                0x100087b0        0xf CMakeFiles/kb_manager.dir/C_/Program_Files/Raspberry_Pi/Pico_SDK_v1.5.1/pico-sdk/lib/tinyusb/src/portable/raspberrypi/rp2040/dcd_rp2040.c.obj
 *fill*         0x100087bf        0x1 
 .rodata.__func__.6
                0x100087c0       0x13 CMakeFiles/kb_manager.dir/C_/Program_Files/Raspberry_Pi/Pico_SDK_v1.5.1/pico-sdk/lib/tinyusb/src/portable/raspberrypi/rp2040/dcd_rp2040.c.obj
 *fill*         0x100087d3        0x1 
 .rodata.__func__.7
                0x100087d4        0x9 CMakeFiles/kb_manager.dir/C_/Program_Files/Raspberry_Pi/Pico_SDK_v1.5.1/pico-sdk/lib/tinyusb/src/portable/raspberrypi/rp2040/dcd_rp2040.c.obj
 *fill*         0x100087dd        0x3 
 .rodata.str1.4
                0x100087e0       0xf9 CMakeFiles/kb_manager.dir/C_/Program_Files/Raspberry_Pi/Pico_SDK_v1.5.1/pico-sdk/lib/tinyusb/src/portable/raspberrypi/rp2040/rp2040_usb.c.obj
                                0x103 (size before relaxing)
 *fill*         0x100088d9        0x3 
 .rodata.__func__.0
                0x100088dc        0xf CMakeFiles/kb_manager.dir/C_/Program_Files/Raspberry_Pi/Pico_SDK_v1.5.1/pico-sdk/lib/tinyusb/src/portable/raspberrypi/rp2040/rp2040_usb.c.obj
 *fill*         0x100088eb        0x1 
 .rodata.process_get_descriptor
                0x100088ec       0x40 CMakeFiles/kb_manager.dir/C_/Program_Files/Raspberry_Pi/Pico_SDK_v1.5.1/pico-sdk/lib/tinyusb/src/device/usbd.c.obj
 .rodata.process_control_request
                0x1000892c       0x28 CMakeFiles/kb_manager.dir/C_/Program_Files/Raspberry_Pi/Pico_SDK_v1.5.1/pico-sdk/lib/tinyusb/src/device/usbd.c.obj
 .rodata.tud_task_ext
                0x10008954       0x24 CMakeFiles/kb_manager.dir/C_/Program_Files/Raspberry_Pi/Pico_SDK_v1.5.1/pico-sdk/lib/tinyusb/src/device/usbd.c.obj
 .rodata._usbd_driver
                0x10008978       0x18 CMakeFiles/kb_manager.dir/C_/Program_Files/Raspberry_Pi/Pico_SDK_v1.5.1/pico-sdk/lib/tinyusb/src/device/usbd.c.obj
                0x10008990                . = ALIGN (0x4)
 *(SORT_BY_ALIGNMENT(SORT_BY_NAME(.flashdata*)))
                0x10008990                . = ALIGN (0x4)

.ARM.extab
 *(.ARM.extab* .gnu.linkonce.armextab.*)
                0x10008990                __exidx_start = .

.ARM.exidx
 *(.ARM.exidx* .gnu.linkonce.armexidx.*)
                0x10008990                __exidx_end = .
                0x10008990                . = ALIGN (0x4)
                0x10008990                __binary_info_start = .

.binary_info    0x10008990       0x30
 *(.binary_info.keep.*)
 .binary_info.keep.__bi_ptr10
                0x10008990        0x4 CMakeFiles/kb_manager.dir/kb_manager.c.obj
 .binary_info.keep.__bi_ptr11
                0x10008994        0x4 CMakeFiles/kb_manager.dir/kb_manager.c.obj
 .binary_info.keep.__bi_ptr22
                0x10008998        0x4 CMakeFiles/kb_manager.dir/C_/Program_Files/Raspberry_Pi/Pico_SDK_v1.5.1/pico-sdk/src/rp2_common/pico_standard_link/binary_info.c.obj
 .binary_info.keep.__bi_ptr30
                0x1000899c        0x4 CMakeFiles/kb_manager.dir/C_/Program_Files/Raspberry_Pi/Pico_SDK_v1.5.1/pico-sdk/src/rp2_common/pico_standard_link/binary_info.c.obj
 .binary_info.keep.__bi_ptr38
                0x100089a0        0x4 CMakeFiles/kb_manager.dir/C_/Program_Files/Raspberry_Pi/Pico_SDK_v1.5.1/pico-sdk/src/rp2_common/pico_standard_link/binary_info.c.obj
 .binary_info.keep.__bi_ptr44
                0x100089a4        0x4 CMakeFiles/kb_manager.dir/C_/Program_Files/Raspberry_Pi/Pico_SDK_v1.5.1/pico-sdk/src/rp2_common/pico_standard_link/binary_info.c.obj
 .binary_info.keep.__bi_ptr50
                0x100089a8        0x4 CMakeFiles/kb_manager.dir/C_/Program_Files/Raspberry_Pi/Pico_SDK_v1.5.1/pico-sdk/src/rp2_common/pico_standard_link/binary_info.c.obj
 .binary_info.keep.__bi_ptr75
                0x100089ac        0x4 CMakeFiles/kb_manager.dir/C_/Program_Files/Raspberry_Pi/Pico_SDK_v1.5.1/pico-sdk/src/rp2_common/pico_standard_link/binary_info.c.obj
 .binary_info.keep.__bi_ptr81
                0x100089b0        0x4 CMakeFiles/kb_manager.dir/C_/Program_Files/Raspberry_Pi/Pico_SDK_v1.5.1/pico-sdk/src/rp2_common/pico_standard_link/binary_info.c.obj
 *(.binary_info.*)
 .binary_info.__bi_ptr33
                0x100089b4        0x4 CMakeFiles/kb_manager.dir/C_/Program_Files/Raspberry_Pi/Pico_SDK_v1.5.1/pico-sdk/src/rp2_common/pico_stdio_uart/stdio_uart.c.obj
 .binary_info.__bi_ptr34
                0x100089b8        0x4 CMakeFiles/kb_manager.dir/C_/Program_Files/Raspberry_Pi/Pico_SDK_v1.5.1/pico-sdk/src/rp2_common/pico_stdio_uart/stdio_uart.c.obj
 .binary_info.__bi_ptr182
                0x100089bc        0x4 CMakeFiles/kb_manager.dir/C_/Program_Files/Raspberry_Pi/Pico_SDK_v1.5.1/pico-sdk/src/rp2_common/pico_stdio_usb/stdio_usb.c.obj
                0x100089c0                __binary_info_end = .

.rel.dyn        0x100089c0        0x0
 .rel.iplt      0x100089c0        0x0 c:/progra~1/raspbe~1/picosd~1.1/gcc-ar~1/bin/../lib/gcc/arm-none-eabi/10.3.1/thumb/v6-m/nofp/crtbegin.o
                0x100089c0                . = ALIGN (0x4)

.ram_vector_table
                0x20000000       0xc0
 *(.ram_vector_table)
 .ram_vector_table
                0x20000000       0xc0 CMakeFiles/kb_manager.dir/C_/Program_Files/Raspberry_Pi/Pico_SDK_v1.5.1/pico-sdk/src/rp2_common/pico_runtime/runtime.c.obj
                0x20000000                ram_vector_table

.data           0x200000c0      0xc08 load address 0x100089c0
                0x200000c0                __data_start__ = .
 *(vtable)
 *(.time_critical*)
 .time_critical.mutex_try_enter
                0x200000c0       0x46 CMakeFiles/kb_manager.dir/C_/Program_Files/Raspberry_Pi/Pico_SDK_v1.5.1/pico-sdk/src/common/pico_sync/mutex.c.obj
                0x200000c0                mutex_try_enter
 *fill*         0x20000106        0x2 
 .time_critical.mutex_enter_block_until
                0x20000108       0x8c CMakeFiles/kb_manager.dir/C_/Program_Files/Raspberry_Pi/Pico_SDK_v1.5.1/pico-sdk/src/common/pico_sync/mutex.c.obj
                0x20000108                mutex_enter_block_until
 .time_critical.mutex_try_enter_block_until
                0x20000194       0x34 CMakeFiles/kb_manager.dir/C_/Program_Files/Raspberry_Pi/Pico_SDK_v1.5.1/pico-sdk/src/common/pico_sync/mutex.c.obj
                0x20000194                mutex_try_enter_block_until
 .time_critical.mutex_enter_timeout_ms
                0x200001c8       0x68 CMakeFiles/kb_manager.dir/C_/Program_Files/Raspberry_Pi/Pico_SDK_v1.5.1/pico-sdk/src/common/pico_sync/mutex.c.obj
                0x200001c8                mutex_enter_timeout_ms
 .time_critical.mutex_exit
                0x20000230       0x4c CMakeFiles/kb_manager.dir/C_/Program_Files/Raspberry_Pi/Pico_SDK_v1.5.1/pico-sdk/src/common/pico_sync/mutex.c.obj
                0x20000230                mutex_exit
 .time_critical.flash_init_boot2_copyout
                0x2000027c       0x30 CMakeFiles/kb_manager.dir/C_/Program_Files/Raspberry_Pi/Pico_SDK_v1.5.1/pico-sdk/src/rp2_common/hardware_flash/flash.c.obj
 .time_critical.flash_enable_xip_via_boot2
                0x200002ac       0x10 CMakeFiles/kb_manager.dir/C_/Program_Files/Raspberry_Pi/Pico_SDK_v1.5.1/pico-sdk/src/rp2_common/hardware_flash/flash.c.obj
 .time_critical.flash_cs_force